ARM GAS  C:\Users\michi\AppData\Local\Temp\ccKuh7VM.s 			page 1


   1              		.syntax unified
   2              		.cpu cortex-m0
   3              		.fpu softvfp
   4              		.eabi_attribute 20, 1
   5              		.eabi_attribute 21, 1
   6              		.eabi_attribute 23, 3
   7              		.eabi_attribute 24, 1
   8              		.eabi_attribute 25, 1
   9              		.eabi_attribute 26, 1
  10              		.eabi_attribute 30, 1
  11              		.eabi_attribute 34, 0
  12              		.eabi_attribute 18, 4
  13              		.thumb
  14              		.syntax unified
  15              		.file	"cyfitter_cfg.c"
  16              		.text
  17              	.Ltext0:
  18              		.cfi_sections	.debug_frame
  19              		.section	.text.CYMEMZERO,"ax",%progbits
  20              		.align	2
  21              		.code	16
  22              		.thumb_func
  23              		.type	CYMEMZERO, %function
  24              	CYMEMZERO:
  25              	.LFB1:
  26              		.file 1 "Generated_Source\\PSoC4\\cyfitter_cfg.c"
   1:Generated_Source\PSoC4/cyfitter_cfg.c **** 
   2:Generated_Source\PSoC4/cyfitter_cfg.c **** /*******************************************************************************
   3:Generated_Source\PSoC4/cyfitter_cfg.c **** * File Name: cyfitter_cfg.c
   4:Generated_Source\PSoC4/cyfitter_cfg.c **** * 
   5:Generated_Source\PSoC4/cyfitter_cfg.c **** * PSoC Creator  4.2
   6:Generated_Source\PSoC4/cyfitter_cfg.c **** *
   7:Generated_Source\PSoC4/cyfitter_cfg.c **** * Description:
   8:Generated_Source\PSoC4/cyfitter_cfg.c **** * This file contains device initialization code.
   9:Generated_Source\PSoC4/cyfitter_cfg.c **** * Except for the user defined sections in CyClockStartupError(), this file should not be modified.
  10:Generated_Source\PSoC4/cyfitter_cfg.c **** * This file is automatically generated by PSoC Creator.
  11:Generated_Source\PSoC4/cyfitter_cfg.c **** *
  12:Generated_Source\PSoC4/cyfitter_cfg.c **** ********************************************************************************
  13:Generated_Source\PSoC4/cyfitter_cfg.c **** * Copyright (c) 2007-2018 Cypress Semiconductor.  All rights reserved.
  14:Generated_Source\PSoC4/cyfitter_cfg.c **** * You may use this file only in accordance with the license, terms, conditions, 
  15:Generated_Source\PSoC4/cyfitter_cfg.c **** * disclaimers, and limitations in the end user license agreement accompanying 
  16:Generated_Source\PSoC4/cyfitter_cfg.c **** * the software package with which this file was provided.
  17:Generated_Source\PSoC4/cyfitter_cfg.c **** ********************************************************************************/
  18:Generated_Source\PSoC4/cyfitter_cfg.c **** 
  19:Generated_Source\PSoC4/cyfitter_cfg.c **** #include <string.h>
  20:Generated_Source\PSoC4/cyfitter_cfg.c **** #include "cytypes.h"
  21:Generated_Source\PSoC4/cyfitter_cfg.c **** #include "cydevice_trm.h"
  22:Generated_Source\PSoC4/cyfitter_cfg.c **** #include "cyfitter.h"
  23:Generated_Source\PSoC4/cyfitter_cfg.c **** #include "CyLib.h"
  24:Generated_Source\PSoC4/cyfitter_cfg.c **** #include "CyLFClk.h"
  25:Generated_Source\PSoC4/cyfitter_cfg.c **** #include "cyfitter_cfg.h"
  26:Generated_Source\PSoC4/cyfitter_cfg.c **** #include "cyapicallbacks.h"
  27:Generated_Source\PSoC4/cyfitter_cfg.c **** 
  28:Generated_Source\PSoC4/cyfitter_cfg.c **** 
  29:Generated_Source\PSoC4/cyfitter_cfg.c **** #if defined(__GNUC__) || defined(__ARMCC_VERSION)
  30:Generated_Source\PSoC4/cyfitter_cfg.c ****     #define CYPACKED 
  31:Generated_Source\PSoC4/cyfitter_cfg.c ****     #define CYPACKED_ATTR __attribute__ ((packed))
ARM GAS  C:\Users\michi\AppData\Local\Temp\ccKuh7VM.s 			page 2


  32:Generated_Source\PSoC4/cyfitter_cfg.c ****     #define CYALIGNED __attribute__ ((aligned))
  33:Generated_Source\PSoC4/cyfitter_cfg.c ****     #define CY_CFG_UNUSED __attribute__ ((unused))
  34:Generated_Source\PSoC4/cyfitter_cfg.c ****     #ifndef CY_CFG_SECTION
  35:Generated_Source\PSoC4/cyfitter_cfg.c ****         #define CY_CFG_SECTION __attribute__ ((section(".psocinit")))
  36:Generated_Source\PSoC4/cyfitter_cfg.c ****     #endif
  37:Generated_Source\PSoC4/cyfitter_cfg.c ****     
  38:Generated_Source\PSoC4/cyfitter_cfg.c ****     #if defined(__ARMCC_VERSION)
  39:Generated_Source\PSoC4/cyfitter_cfg.c ****         #define CY_CFG_MEMORY_BARRIER() __memory_changed()
  40:Generated_Source\PSoC4/cyfitter_cfg.c ****     #else
  41:Generated_Source\PSoC4/cyfitter_cfg.c ****         #define CY_CFG_MEMORY_BARRIER() __sync_synchronize()
  42:Generated_Source\PSoC4/cyfitter_cfg.c ****     #endif
  43:Generated_Source\PSoC4/cyfitter_cfg.c ****     
  44:Generated_Source\PSoC4/cyfitter_cfg.c **** #elif defined(__ICCARM__)
  45:Generated_Source\PSoC4/cyfitter_cfg.c ****     #include <intrinsics.h>
  46:Generated_Source\PSoC4/cyfitter_cfg.c **** 
  47:Generated_Source\PSoC4/cyfitter_cfg.c ****     #define CYPACKED __packed
  48:Generated_Source\PSoC4/cyfitter_cfg.c ****     #define CYPACKED_ATTR 
  49:Generated_Source\PSoC4/cyfitter_cfg.c ****     #define CYALIGNED _Pragma("data_alignment=4")
  50:Generated_Source\PSoC4/cyfitter_cfg.c ****     #define CY_CFG_UNUSED _Pragma("diag_suppress=Pe177")
  51:Generated_Source\PSoC4/cyfitter_cfg.c ****     #define CY_CFG_SECTION _Pragma("location=\".psocinit\"")
  52:Generated_Source\PSoC4/cyfitter_cfg.c ****     
  53:Generated_Source\PSoC4/cyfitter_cfg.c ****     #define CY_CFG_MEMORY_BARRIER() __DMB()
  54:Generated_Source\PSoC4/cyfitter_cfg.c ****     
  55:Generated_Source\PSoC4/cyfitter_cfg.c **** #else
  56:Generated_Source\PSoC4/cyfitter_cfg.c ****     #error Unsupported toolchain
  57:Generated_Source\PSoC4/cyfitter_cfg.c **** #endif
  58:Generated_Source\PSoC4/cyfitter_cfg.c **** 
  59:Generated_Source\PSoC4/cyfitter_cfg.c **** #ifndef CYCODE
  60:Generated_Source\PSoC4/cyfitter_cfg.c ****     #define CYCODE
  61:Generated_Source\PSoC4/cyfitter_cfg.c **** #endif
  62:Generated_Source\PSoC4/cyfitter_cfg.c **** #ifndef CYDATA
  63:Generated_Source\PSoC4/cyfitter_cfg.c ****     #define CYDATA
  64:Generated_Source\PSoC4/cyfitter_cfg.c **** #endif
  65:Generated_Source\PSoC4/cyfitter_cfg.c **** #ifndef CYFAR
  66:Generated_Source\PSoC4/cyfitter_cfg.c ****     #define CYFAR
  67:Generated_Source\PSoC4/cyfitter_cfg.c **** #endif
  68:Generated_Source\PSoC4/cyfitter_cfg.c **** #ifndef CYXDATA
  69:Generated_Source\PSoC4/cyfitter_cfg.c ****     #define CYXDATA
  70:Generated_Source\PSoC4/cyfitter_cfg.c **** #endif
  71:Generated_Source\PSoC4/cyfitter_cfg.c **** 
  72:Generated_Source\PSoC4/cyfitter_cfg.c **** 
  73:Generated_Source\PSoC4/cyfitter_cfg.c **** CY_CFG_UNUSED
  74:Generated_Source\PSoC4/cyfitter_cfg.c **** static void CYMEMZERO(void *s, size_t n);
  75:Generated_Source\PSoC4/cyfitter_cfg.c **** CY_CFG_UNUSED
  76:Generated_Source\PSoC4/cyfitter_cfg.c **** static void CYMEMZERO(void *s, size_t n)
  77:Generated_Source\PSoC4/cyfitter_cfg.c **** {
  27              		.loc 1 77 0
  28              		.cfi_startproc
  29              		@ args = 0, pretend = 0, frame = 0
  30              		@ frame_needed = 0, uses_anonymous_args = 0
  31              	.LVL0:
  32 0000 10B5     		push	{r4, lr}
  33              		.cfi_def_cfa_offset 8
  34              		.cfi_offset 4, -8
  35              		.cfi_offset 14, -4
  36 0002 0A00     		movs	r2, r1
  78:Generated_Source\PSoC4/cyfitter_cfg.c **** 	(void)memset(s, 0, n);
ARM GAS  C:\Users\michi\AppData\Local\Temp\ccKuh7VM.s 			page 3


  37              		.loc 1 78 0
  38 0004 0021     		movs	r1, #0
  39              	.LVL1:
  40 0006 FFF7FEFF 		bl	memset
  41              	.LVL2:
  79:Generated_Source\PSoC4/cyfitter_cfg.c **** }
  42              		.loc 1 79 0
  43              		@ sp needed
  44 000a 10BD     		pop	{r4, pc}
  45              		.cfi_endproc
  46              	.LFE1:
  47              		.size	CYMEMZERO, .-CYMEMZERO
  48              		.section	.psocinit,"ax",%progbits
  49              		.align	2
  50              		.code	16
  51              		.thumb_func
  52              		.type	ClockSetup, %function
  53              	ClockSetup:
  54              	.LFB4:
  80:Generated_Source\PSoC4/cyfitter_cfg.c **** CY_CFG_UNUSED
  81:Generated_Source\PSoC4/cyfitter_cfg.c **** static void CYCONFIGCPY(void *dest, const void *src, size_t n);
  82:Generated_Source\PSoC4/cyfitter_cfg.c **** CY_CFG_UNUSED
  83:Generated_Source\PSoC4/cyfitter_cfg.c **** static void CYCONFIGCPY(void *dest, const void *src, size_t n)
  84:Generated_Source\PSoC4/cyfitter_cfg.c **** {
  85:Generated_Source\PSoC4/cyfitter_cfg.c **** 	(void)memcpy(dest, src, n);
  86:Generated_Source\PSoC4/cyfitter_cfg.c **** }
  87:Generated_Source\PSoC4/cyfitter_cfg.c **** CY_CFG_UNUSED
  88:Generated_Source\PSoC4/cyfitter_cfg.c **** static void CYCONFIGCPYCODE(void *dest, const void *src, size_t n);
  89:Generated_Source\PSoC4/cyfitter_cfg.c **** CY_CFG_UNUSED
  90:Generated_Source\PSoC4/cyfitter_cfg.c **** static void CYCONFIGCPYCODE(void *dest, const void *src, size_t n)
  91:Generated_Source\PSoC4/cyfitter_cfg.c **** {
  92:Generated_Source\PSoC4/cyfitter_cfg.c **** 	(void)memcpy(dest, src, n);
  93:Generated_Source\PSoC4/cyfitter_cfg.c **** }
  94:Generated_Source\PSoC4/cyfitter_cfg.c **** 
  95:Generated_Source\PSoC4/cyfitter_cfg.c **** 
  96:Generated_Source\PSoC4/cyfitter_cfg.c **** 
  97:Generated_Source\PSoC4/cyfitter_cfg.c **** 
  98:Generated_Source\PSoC4/cyfitter_cfg.c **** /* Clock startup error codes                                                   */
  99:Generated_Source\PSoC4/cyfitter_cfg.c **** #define CYCLOCKSTART_NO_ERROR    0u
 100:Generated_Source\PSoC4/cyfitter_cfg.c **** #define CYCLOCKSTART_XTAL_ERROR  1u
 101:Generated_Source\PSoC4/cyfitter_cfg.c **** #define CYCLOCKSTART_32KHZ_ERROR 2u
 102:Generated_Source\PSoC4/cyfitter_cfg.c **** #define CYCLOCKSTART_PLL_ERROR   3u
 103:Generated_Source\PSoC4/cyfitter_cfg.c **** #define CYCLOCKSTART_FLL_ERROR   4u
 104:Generated_Source\PSoC4/cyfitter_cfg.c **** #define CYCLOCKSTART_WCO_ERROR   5u
 105:Generated_Source\PSoC4/cyfitter_cfg.c **** 
 106:Generated_Source\PSoC4/cyfitter_cfg.c **** 
 107:Generated_Source\PSoC4/cyfitter_cfg.c **** #ifdef CY_NEED_CYCLOCKSTARTUPERROR
 108:Generated_Source\PSoC4/cyfitter_cfg.c **** /*******************************************************************************
 109:Generated_Source\PSoC4/cyfitter_cfg.c **** * Function Name: CyClockStartupError
 110:Generated_Source\PSoC4/cyfitter_cfg.c **** ********************************************************************************
 111:Generated_Source\PSoC4/cyfitter_cfg.c **** * Summary:
 112:Generated_Source\PSoC4/cyfitter_cfg.c **** *  If an error is encountered during clock configuration (crystal startup error,
 113:Generated_Source\PSoC4/cyfitter_cfg.c **** *  PLL lock error, etc.), the system will end up here.  Unless reimplemented by
 114:Generated_Source\PSoC4/cyfitter_cfg.c **** *  the customer, this function will stop in an infinite loop.
 115:Generated_Source\PSoC4/cyfitter_cfg.c **** *
 116:Generated_Source\PSoC4/cyfitter_cfg.c **** * Parameters:
 117:Generated_Source\PSoC4/cyfitter_cfg.c **** *   void
ARM GAS  C:\Users\michi\AppData\Local\Temp\ccKuh7VM.s 			page 4


 118:Generated_Source\PSoC4/cyfitter_cfg.c **** *
 119:Generated_Source\PSoC4/cyfitter_cfg.c **** * Return:
 120:Generated_Source\PSoC4/cyfitter_cfg.c **** *   void
 121:Generated_Source\PSoC4/cyfitter_cfg.c **** *
 122:Generated_Source\PSoC4/cyfitter_cfg.c **** *******************************************************************************/
 123:Generated_Source\PSoC4/cyfitter_cfg.c **** CY_CFG_UNUSED
 124:Generated_Source\PSoC4/cyfitter_cfg.c **** static void CyClockStartupError(uint8 errorCode);
 125:Generated_Source\PSoC4/cyfitter_cfg.c **** CY_CFG_UNUSED
 126:Generated_Source\PSoC4/cyfitter_cfg.c **** static void CyClockStartupError(uint8 errorCode)
 127:Generated_Source\PSoC4/cyfitter_cfg.c **** {
 128:Generated_Source\PSoC4/cyfitter_cfg.c ****     /* To remove the compiler warning if errorCode not used.                */
 129:Generated_Source\PSoC4/cyfitter_cfg.c ****     errorCode = errorCode;
 130:Generated_Source\PSoC4/cyfitter_cfg.c **** 
 131:Generated_Source\PSoC4/cyfitter_cfg.c ****     /* If we have a clock startup error (bad MHz crystal, PLL lock, etc.),  */
 132:Generated_Source\PSoC4/cyfitter_cfg.c ****     /* we will end up here to allow the customer to implement something to  */
 133:Generated_Source\PSoC4/cyfitter_cfg.c ****     /* deal with the clock condition.                                       */
 134:Generated_Source\PSoC4/cyfitter_cfg.c **** 
 135:Generated_Source\PSoC4/cyfitter_cfg.c **** #ifdef CY_CFG_CLOCK_STARTUP_ERROR_CALLBACK
 136:Generated_Source\PSoC4/cyfitter_cfg.c ****     CY_CFG_Clock_Startup_ErrorCallback();
 137:Generated_Source\PSoC4/cyfitter_cfg.c **** #else
 138:Generated_Source\PSoC4/cyfitter_cfg.c ****     /*  If not using CY_CFG_CLOCK_STARTUP_ERROR_CALLBACK, place your clock startup code here. */
 139:Generated_Source\PSoC4/cyfitter_cfg.c ****     /* `#START CyClockStartupError` */
 140:Generated_Source\PSoC4/cyfitter_cfg.c **** 
 141:Generated_Source\PSoC4/cyfitter_cfg.c **** 
 142:Generated_Source\PSoC4/cyfitter_cfg.c **** 
 143:Generated_Source\PSoC4/cyfitter_cfg.c ****     /* `#END` */
 144:Generated_Source\PSoC4/cyfitter_cfg.c **** 
 145:Generated_Source\PSoC4/cyfitter_cfg.c ****     while(1) {}
 146:Generated_Source\PSoC4/cyfitter_cfg.c **** #endif /* CY_CFG_CLOCK_STARTUP_ERROR_CALLBACK */
 147:Generated_Source\PSoC4/cyfitter_cfg.c **** }
 148:Generated_Source\PSoC4/cyfitter_cfg.c **** #endif
 149:Generated_Source\PSoC4/cyfitter_cfg.c **** 
 150:Generated_Source\PSoC4/cyfitter_cfg.c **** 
 151:Generated_Source\PSoC4/cyfitter_cfg.c **** 
 152:Generated_Source\PSoC4/cyfitter_cfg.c **** /*******************************************************************************
 153:Generated_Source\PSoC4/cyfitter_cfg.c **** * Function Name: ClockSetup
 154:Generated_Source\PSoC4/cyfitter_cfg.c **** ********************************************************************************
 155:Generated_Source\PSoC4/cyfitter_cfg.c **** *
 156:Generated_Source\PSoC4/cyfitter_cfg.c **** * Summary:
 157:Generated_Source\PSoC4/cyfitter_cfg.c **** *   Performs the initialization of all of the clocks in the device based on the
 158:Generated_Source\PSoC4/cyfitter_cfg.c **** *   settings in the Clock tab of the DWR.  This includes enabling the requested
 159:Generated_Source\PSoC4/cyfitter_cfg.c **** *   clocks and setting the necessary dividers to produce the desired frequency. 
 160:Generated_Source\PSoC4/cyfitter_cfg.c **** *
 161:Generated_Source\PSoC4/cyfitter_cfg.c **** * Parameters:
 162:Generated_Source\PSoC4/cyfitter_cfg.c **** *   void
 163:Generated_Source\PSoC4/cyfitter_cfg.c **** *
 164:Generated_Source\PSoC4/cyfitter_cfg.c **** * Return:
 165:Generated_Source\PSoC4/cyfitter_cfg.c **** *   void
 166:Generated_Source\PSoC4/cyfitter_cfg.c **** *
 167:Generated_Source\PSoC4/cyfitter_cfg.c **** *******************************************************************************/
 168:Generated_Source\PSoC4/cyfitter_cfg.c **** static void ClockSetup(void);
 169:Generated_Source\PSoC4/cyfitter_cfg.c **** CY_CFG_SECTION
 170:Generated_Source\PSoC4/cyfitter_cfg.c **** static void ClockSetup(void)
 171:Generated_Source\PSoC4/cyfitter_cfg.c **** {
  55              		.loc 1 171 0
  56              		.cfi_startproc
  57              		@ args = 0, pretend = 0, frame = 0
ARM GAS  C:\Users\michi\AppData\Local\Temp\ccKuh7VM.s 			page 5


  58              		@ frame_needed = 0, uses_anonymous_args = 0
  59 0000 10B5     		push	{r4, lr}
  60              		.cfi_def_cfa_offset 8
  61              		.cfi_offset 4, -8
  62              		.cfi_offset 14, -4
 172:Generated_Source\PSoC4/cyfitter_cfg.c **** 
 173:Generated_Source\PSoC4/cyfitter_cfg.c **** 	/* Set Flash Cycles based on max possible frequency in case a glitch occurs during ClockSetup(). *
 174:Generated_Source\PSoC4/cyfitter_cfg.c **** 	CY_SET_REG32((void CYXDATA *)(CYREG_CPUSS_FLASH_CTL), (0x0012u));
  63              		.loc 1 174 0
  64 0002 1222     		movs	r2, #18
  65 0004 164B     		ldr	r3, .L3
  66 0006 1A60     		str	r2, [r3]
 175:Generated_Source\PSoC4/cyfitter_cfg.c **** 	/* Setup and trim IMO based on desired frequency. */
 176:Generated_Source\PSoC4/cyfitter_cfg.c **** 	CySysClkWriteImoFreq(48u);
  67              		.loc 1 176 0
  68 0008 3020     		movs	r0, #48
  69 000a FFF7FEFF 		bl	CySysClkWriteImoFreq
  70              	.LVL3:
 177:Generated_Source\PSoC4/cyfitter_cfg.c **** 	/* CYDEV_CLK_ILO_CONFIG Starting address: CYDEV_CLK_ILO_CONFIG */
 178:Generated_Source\PSoC4/cyfitter_cfg.c **** 	CY_SET_REG32((void *)(CYREG_CLK_ILO_CONFIG), 0x80000006u);
  71              		.loc 1 178 0
  72 000e 154A     		ldr	r2, .L3+4
  73 0010 154B     		ldr	r3, .L3+8
  74 0012 1A60     		str	r2, [r3]
 179:Generated_Source\PSoC4/cyfitter_cfg.c **** 
 180:Generated_Source\PSoC4/cyfitter_cfg.c **** 
 181:Generated_Source\PSoC4/cyfitter_cfg.c **** 	/* Setup phase aligned clocks */
 182:Generated_Source\PSoC4/cyfitter_cfg.c **** 	CY_SET_REG32((void *)CYREG_PERI_DIV_16_CTL0, 0x00000500u);
  75              		.loc 1 182 0
  76 0014 A022     		movs	r2, #160
  77 0016 D200     		lsls	r2, r2, #3
  78 0018 144B     		ldr	r3, .L3+12
  79 001a 1A60     		str	r2, [r3]
 183:Generated_Source\PSoC4/cyfitter_cfg.c **** 	CY_SET_REG32((void *)CYREG_PERI_DIV_CMD, 0x8000FF40u);
  80              		.loc 1 183 0
  81 001c 144B     		ldr	r3, .L3+16
  82 001e 154A     		ldr	r2, .L3+20
  83 0020 1A60     		str	r2, [r3]
 184:Generated_Source\PSoC4/cyfitter_cfg.c **** 	CY_SET_REG32((void *)CYREG_PERI_DIV_16_CTL1, 0x00001D00u);
  84              		.loc 1 184 0
  85 0022 E821     		movs	r1, #232
  86 0024 4901     		lsls	r1, r1, #5
  87 0026 144A     		ldr	r2, .L3+24
  88 0028 1160     		str	r1, [r2]
 185:Generated_Source\PSoC4/cyfitter_cfg.c **** 	CY_SET_REG32((void *)CYREG_PERI_DIV_CMD, 0x8000FF41u);
  89              		.loc 1 185 0
  90 002a 144A     		ldr	r2, .L3+28
  91 002c 1A60     		str	r2, [r3]
 186:Generated_Source\PSoC4/cyfitter_cfg.c **** 
 187:Generated_Source\PSoC4/cyfitter_cfg.c **** 	/* CYDEV_CLK_IMO_CONFIG Starting address: CYDEV_CLK_IMO_CONFIG */
 188:Generated_Source\PSoC4/cyfitter_cfg.c **** 	CY_SET_REG32((void *)(CYREG_CLK_IMO_CONFIG), 0x82000000u);
  92              		.loc 1 188 0
  93 002e 8222     		movs	r2, #130
  94 0030 1206     		lsls	r2, r2, #24
  95 0032 134B     		ldr	r3, .L3+32
  96 0034 1A60     		str	r2, [r3]
 189:Generated_Source\PSoC4/cyfitter_cfg.c **** 
ARM GAS  C:\Users\michi\AppData\Local\Temp\ccKuh7VM.s 			page 6


 190:Generated_Source\PSoC4/cyfitter_cfg.c **** 	/* CYDEV_CLK_SELECT Starting address: CYDEV_CLK_SELECT */
 191:Generated_Source\PSoC4/cyfitter_cfg.c **** 	CY_SET_REG32((void *)(CYREG_CLK_SELECT), 0x00040000u);
  97              		.loc 1 191 0
  98 0036 8022     		movs	r2, #128
  99 0038 D202     		lsls	r2, r2, #11
 100 003a 124B     		ldr	r3, .L3+36
 101 003c 1A60     		str	r2, [r3]
 192:Generated_Source\PSoC4/cyfitter_cfg.c **** 
 193:Generated_Source\PSoC4/cyfitter_cfg.c **** 	/* CYDEV_PERI_PCLK_CTL10 Starting address: CYDEV_PERI_PCLK_CTL10 */
 194:Generated_Source\PSoC4/cyfitter_cfg.c **** 	CY_SET_REG32((void *)(CYREG_PERI_PCLK_CTL10), 0x00000040u);
 102              		.loc 1 194 0
 103 003e 4022     		movs	r2, #64
 104 0040 114B     		ldr	r3, .L3+40
 105 0042 1A60     		str	r2, [r3]
 195:Generated_Source\PSoC4/cyfitter_cfg.c **** 
 196:Generated_Source\PSoC4/cyfitter_cfg.c **** 	/* CYDEV_PERI_PCLK_CTL3 Starting address: CYDEV_PERI_PCLK_CTL3 */
 197:Generated_Source\PSoC4/cyfitter_cfg.c **** 	CY_SET_REG32((void *)(CYREG_PERI_PCLK_CTL3), 0x00000041u);
 106              		.loc 1 197 0
 107 0044 0132     		adds	r2, r2, #1
 108 0046 114B     		ldr	r3, .L3+44
 109 0048 1A60     		str	r2, [r3]
 198:Generated_Source\PSoC4/cyfitter_cfg.c **** 
 199:Generated_Source\PSoC4/cyfitter_cfg.c **** 	(void)CyIntSetVector(7u, &CySysWdtIsr);
 110              		.loc 1 199 0
 111 004a 1149     		ldr	r1, .L3+48
 112 004c 0720     		movs	r0, #7
 113 004e FFF7FEFF 		bl	CyIntSetVector
 114              	.LVL4:
 200:Generated_Source\PSoC4/cyfitter_cfg.c **** 	CyIntEnable(7u);
 115              		.loc 1 200 0
 116 0052 0720     		movs	r0, #7
 117 0054 FFF7FEFF 		bl	CyIntEnable
 118              	.LVL5:
 201:Generated_Source\PSoC4/cyfitter_cfg.c **** 	CY_SET_REG32((void *)(CYREG_WDT_CONFIG), 0x00000000u);
 119              		.loc 1 201 0
 120 0058 0022     		movs	r2, #0
 121 005a 0E4B     		ldr	r3, .L3+52
 122 005c 1A60     		str	r2, [r3]
 202:Generated_Source\PSoC4/cyfitter_cfg.c **** }
 123              		.loc 1 202 0
 124              		@ sp needed
 125 005e 10BD     		pop	{r4, pc}
 126              	.L4:
 127              		.align	2
 128              	.L3:
 129 0060 30001040 		.word	1074790448
 130 0064 06000080 		.word	-2147483642
 131 0068 04010B40 		.word	1074462980
 132 006c 00030140 		.word	1073808128
 133 0070 00000140 		.word	1073807360
 134 0074 40FF0080 		.word	-2147418304
 135 0078 04030140 		.word	1073808132
 136 007c 41FF0080 		.word	-2147418303
 137 0080 08010B40 		.word	1074462984
 138 0084 00010B40 		.word	1074462976
 139 0088 28010140 		.word	1073807656
 140 008c 0C010140 		.word	1073807628
ARM GAS  C:\Users\michi\AppData\Local\Temp\ccKuh7VM.s 			page 7


 141 0090 00000000 		.word	CySysWdtIsr
 142 0094 0C020B40 		.word	1074463244
 143              		.cfi_endproc
 144              	.LFE4:
 145              		.size	ClockSetup, .-ClockSetup
 146              		.section	.text.SetAnalogRoutingPumps,"ax",%progbits
 147              		.align	2
 148              		.global	SetAnalogRoutingPumps
 149              		.code	16
 150              		.thumb_func
 151              		.type	SetAnalogRoutingPumps, %function
 152              	SetAnalogRoutingPumps:
 153              	.LFB6:
 203:Generated_Source\PSoC4/cyfitter_cfg.c **** 
 204:Generated_Source\PSoC4/cyfitter_cfg.c **** 
 205:Generated_Source\PSoC4/cyfitter_cfg.c **** /* Analog API Functions */
 206:Generated_Source\PSoC4/cyfitter_cfg.c **** 
 207:Generated_Source\PSoC4/cyfitter_cfg.c **** 
 208:Generated_Source\PSoC4/cyfitter_cfg.c **** /*******************************************************************************
 209:Generated_Source\PSoC4/cyfitter_cfg.c **** * Function Name: AnalogSetDefault
 210:Generated_Source\PSoC4/cyfitter_cfg.c **** ********************************************************************************
 211:Generated_Source\PSoC4/cyfitter_cfg.c **** *
 212:Generated_Source\PSoC4/cyfitter_cfg.c **** * Summary:
 213:Generated_Source\PSoC4/cyfitter_cfg.c **** *  Sets up the analog portions of the chip to default values based on chip
 214:Generated_Source\PSoC4/cyfitter_cfg.c **** *  configuration options from the project.
 215:Generated_Source\PSoC4/cyfitter_cfg.c **** *
 216:Generated_Source\PSoC4/cyfitter_cfg.c **** * Parameters:
 217:Generated_Source\PSoC4/cyfitter_cfg.c **** *  void
 218:Generated_Source\PSoC4/cyfitter_cfg.c **** *
 219:Generated_Source\PSoC4/cyfitter_cfg.c **** * Return:
 220:Generated_Source\PSoC4/cyfitter_cfg.c **** *  void
 221:Generated_Source\PSoC4/cyfitter_cfg.c **** *
 222:Generated_Source\PSoC4/cyfitter_cfg.c **** *******************************************************************************/
 223:Generated_Source\PSoC4/cyfitter_cfg.c **** static void AnalogSetDefault(void);
 224:Generated_Source\PSoC4/cyfitter_cfg.c **** static void AnalogSetDefault(void)
 225:Generated_Source\PSoC4/cyfitter_cfg.c **** {
 226:Generated_Source\PSoC4/cyfitter_cfg.c **** 	CY_SET_XTND_REG32((void CYFAR *)CYREG_CTBM0_DFT_CTRL, 0x00000003u);
 227:Generated_Source\PSoC4/cyfitter_cfg.c **** 	CY_SET_XTND_REG32((void CYFAR *)CYREG_CTBM1_DFT_CTRL, 0x00000003u);
 228:Generated_Source\PSoC4/cyfitter_cfg.c **** 	CY_SET_XTND_REG32((void CYFAR *)CYREG_SAR_CTRL, 0x80000000u);
 229:Generated_Source\PSoC4/cyfitter_cfg.c **** 	CY_SET_XTND_REG32((void CYFAR *)CYREG_SAR_MUX_SWITCH0, 0x000000E0u);
 230:Generated_Source\PSoC4/cyfitter_cfg.c **** 	CY_SET_XTND_REG32((void CYFAR *)CYREG_SAR_MUX_SWITCH_HW_CTRL, 0x000000E0u);
 231:Generated_Source\PSoC4/cyfitter_cfg.c **** 	CY_SET_XTND_REG32((void CYFAR *)CYREG_PASS_DSAB_DSAB_CTRL, 0x00000000u);
 232:Generated_Source\PSoC4/cyfitter_cfg.c **** 	SetAnalogRoutingPumps(1);
 233:Generated_Source\PSoC4/cyfitter_cfg.c **** }
 234:Generated_Source\PSoC4/cyfitter_cfg.c **** 
 235:Generated_Source\PSoC4/cyfitter_cfg.c **** 
 236:Generated_Source\PSoC4/cyfitter_cfg.c **** /*******************************************************************************
 237:Generated_Source\PSoC4/cyfitter_cfg.c **** * Function Name: SetAnalogRoutingPumps
 238:Generated_Source\PSoC4/cyfitter_cfg.c **** ********************************************************************************
 239:Generated_Source\PSoC4/cyfitter_cfg.c **** *
 240:Generated_Source\PSoC4/cyfitter_cfg.c **** * Summary:
 241:Generated_Source\PSoC4/cyfitter_cfg.c **** * Enables or disables the analog pumps feeding analog routing switches.
 242:Generated_Source\PSoC4/cyfitter_cfg.c **** * Intended to be called at startup, based on the Vdda system configuration;
 243:Generated_Source\PSoC4/cyfitter_cfg.c **** * may be called during operation when the user informs us that the Vdda voltage crossed the pump th
 244:Generated_Source\PSoC4/cyfitter_cfg.c **** *
 245:Generated_Source\PSoC4/cyfitter_cfg.c **** * Parameters:
 246:Generated_Source\PSoC4/cyfitter_cfg.c **** *  enabled - 1 to enable the pumps, 0 to disable the pumps
ARM GAS  C:\Users\michi\AppData\Local\Temp\ccKuh7VM.s 			page 8


 247:Generated_Source\PSoC4/cyfitter_cfg.c **** *
 248:Generated_Source\PSoC4/cyfitter_cfg.c **** * Return:
 249:Generated_Source\PSoC4/cyfitter_cfg.c **** *  void
 250:Generated_Source\PSoC4/cyfitter_cfg.c **** *
 251:Generated_Source\PSoC4/cyfitter_cfg.c **** *******************************************************************************/
 252:Generated_Source\PSoC4/cyfitter_cfg.c **** void SetAnalogRoutingPumps(uint8 enabled)
 253:Generated_Source\PSoC4/cyfitter_cfg.c **** {
 154              		.loc 1 253 0
 155              		.cfi_startproc
 156              		@ args = 0, pretend = 0, frame = 0
 157              		@ frame_needed = 0, uses_anonymous_args = 0
 158              		@ link register save eliminated.
 159              	.LVL6:
 254:Generated_Source\PSoC4/cyfitter_cfg.c **** 	uint32 regValue = CY_GET_XTND_REG32((void *)(CYREG_SAR_PUMP_CTRL));
 160              		.loc 1 254 0
 161 0000 064B     		ldr	r3, .L8
 162 0002 1B68     		ldr	r3, [r3]
 163              	.LVL7:
 255:Generated_Source\PSoC4/cyfitter_cfg.c **** 	if (enabled != 0u)
 164              		.loc 1 255 0
 165 0004 0028     		cmp	r0, #0
 166 0006 03D0     		beq	.L6
 256:Generated_Source\PSoC4/cyfitter_cfg.c **** 	{
 257:Generated_Source\PSoC4/cyfitter_cfg.c **** 		regValue |= 0x80000000u;
 167              		.loc 1 257 0
 168 0008 8022     		movs	r2, #128
 169 000a 1206     		lsls	r2, r2, #24
 170 000c 1343     		orrs	r3, r2
 171              	.LVL8:
 172 000e 01E0     		b	.L7
 173              	.L6:
 258:Generated_Source\PSoC4/cyfitter_cfg.c **** 	}
 259:Generated_Source\PSoC4/cyfitter_cfg.c **** 	else
 260:Generated_Source\PSoC4/cyfitter_cfg.c **** 	{
 261:Generated_Source\PSoC4/cyfitter_cfg.c **** 		regValue &= ~0x80000000u;
 174              		.loc 1 261 0
 175 0010 5B00     		lsls	r3, r3, #1
 176              	.LVL9:
 177 0012 5B08     		lsrs	r3, r3, #1
 178              	.LVL10:
 179              	.L7:
 262:Generated_Source\PSoC4/cyfitter_cfg.c **** 	}
 263:Generated_Source\PSoC4/cyfitter_cfg.c **** 	CY_SET_XTND_REG32((void *)(CYREG_SAR_PUMP_CTRL), regValue);
 180              		.loc 1 263 0
 181 0014 014A     		ldr	r2, .L8
 182 0016 1360     		str	r3, [r2]
 264:Generated_Source\PSoC4/cyfitter_cfg.c **** }
 183              		.loc 1 264 0
 184              		@ sp needed
 185 0018 7047     		bx	lr
 186              	.L9:
 187 001a C046     		.align	2
 188              	.L8:
 189 001c 80033A40 		.word	1077543808
 190              		.cfi_endproc
 191              	.LFE6:
 192              		.size	SetAnalogRoutingPumps, .-SetAnalogRoutingPumps
ARM GAS  C:\Users\michi\AppData\Local\Temp\ccKuh7VM.s 			page 9


 193              		.section	.text.AnalogSetDefault,"ax",%progbits
 194              		.align	2
 195              		.code	16
 196              		.thumb_func
 197              		.type	AnalogSetDefault, %function
 198              	AnalogSetDefault:
 199              	.LFB5:
 225:Generated_Source\PSoC4/cyfitter_cfg.c **** 	CY_SET_XTND_REG32((void CYFAR *)CYREG_CTBM0_DFT_CTRL, 0x00000003u);
 200              		.loc 1 225 0
 201              		.cfi_startproc
 202              		@ args = 0, pretend = 0, frame = 0
 203              		@ frame_needed = 0, uses_anonymous_args = 0
 204 0000 10B5     		push	{r4, lr}
 205              		.cfi_def_cfa_offset 8
 206              		.cfi_offset 4, -8
 207              		.cfi_offset 14, -4
 226:Generated_Source\PSoC4/cyfitter_cfg.c **** 	CY_SET_XTND_REG32((void CYFAR *)CYREG_CTBM1_DFT_CTRL, 0x00000003u);
 208              		.loc 1 226 0
 209 0002 0323     		movs	r3, #3
 210 0004 094A     		ldr	r2, .L11
 211 0006 1360     		str	r3, [r2]
 227:Generated_Source\PSoC4/cyfitter_cfg.c **** 	CY_SET_XTND_REG32((void CYFAR *)CYREG_SAR_CTRL, 0x80000000u);
 212              		.loc 1 227 0
 213 0008 094A     		ldr	r2, .L11+4
 214 000a 1360     		str	r3, [r2]
 228:Generated_Source\PSoC4/cyfitter_cfg.c **** 	CY_SET_XTND_REG32((void CYFAR *)CYREG_SAR_MUX_SWITCH0, 0x000000E0u);
 215              		.loc 1 228 0
 216 000c 8022     		movs	r2, #128
 217 000e 1206     		lsls	r2, r2, #24
 218 0010 084B     		ldr	r3, .L11+8
 219 0012 1A60     		str	r2, [r3]
 229:Generated_Source\PSoC4/cyfitter_cfg.c **** 	CY_SET_XTND_REG32((void CYFAR *)CYREG_SAR_MUX_SWITCH_HW_CTRL, 0x000000E0u);
 220              		.loc 1 229 0
 221 0014 E023     		movs	r3, #224
 222 0016 084A     		ldr	r2, .L11+12
 223 0018 1360     		str	r3, [r2]
 230:Generated_Source\PSoC4/cyfitter_cfg.c **** 	CY_SET_XTND_REG32((void CYFAR *)CYREG_PASS_DSAB_DSAB_CTRL, 0x00000000u);
 224              		.loc 1 230 0
 225 001a 084A     		ldr	r2, .L11+16
 226 001c 1360     		str	r3, [r2]
 231:Generated_Source\PSoC4/cyfitter_cfg.c **** 	SetAnalogRoutingPumps(1);
 227              		.loc 1 231 0
 228 001e 0022     		movs	r2, #0
 229 0020 074B     		ldr	r3, .L11+20
 230 0022 1A60     		str	r2, [r3]
 232:Generated_Source\PSoC4/cyfitter_cfg.c **** }
 231              		.loc 1 232 0
 232 0024 0120     		movs	r0, #1
 233 0026 FFF7FEFF 		bl	SetAnalogRoutingPumps
 234              	.LVL11:
 233:Generated_Source\PSoC4/cyfitter_cfg.c **** 
 235              		.loc 1 233 0
 236              		@ sp needed
 237 002a 10BD     		pop	{r4, pc}
 238              	.L12:
 239              		.align	2
 240              	.L11:
ARM GAS  C:\Users\michi\AppData\Local\Temp\ccKuh7VM.s 			page 10


 241 002c 30003040 		.word	1076887600
 242 0030 30003140 		.word	1076953136
 243 0034 00003A40 		.word	1077542912
 244 0038 00033A40 		.word	1077543680
 245 003c 40033A40 		.word	1077543744
 246 0040 000E3F40 		.word	1077874176
 247              		.cfi_endproc
 248              	.LFE5:
 249              		.size	AnalogSetDefault, .-AnalogSetDefault
 250              		.section	.psocinit
 251              		.align	2
 252              		.global	cyfitter_cfg
 253              		.code	16
 254              		.thumb_func
 255              		.type	cyfitter_cfg, %function
 256              	cyfitter_cfg:
 257              	.LFB7:
 265:Generated_Source\PSoC4/cyfitter_cfg.c **** 
 266:Generated_Source\PSoC4/cyfitter_cfg.c **** 
 267:Generated_Source\PSoC4/cyfitter_cfg.c **** 
 268:Generated_Source\PSoC4/cyfitter_cfg.c **** 
 269:Generated_Source\PSoC4/cyfitter_cfg.c **** /*******************************************************************************
 270:Generated_Source\PSoC4/cyfitter_cfg.c **** * Function Name: cyfitter_cfg
 271:Generated_Source\PSoC4/cyfitter_cfg.c **** ********************************************************************************
 272:Generated_Source\PSoC4/cyfitter_cfg.c **** * Summary:
 273:Generated_Source\PSoC4/cyfitter_cfg.c **** *  This function is called by the start-up code for the selected device. It
 274:Generated_Source\PSoC4/cyfitter_cfg.c **** *  performs all of the necessary device configuration based on the design
 275:Generated_Source\PSoC4/cyfitter_cfg.c **** *  settings.  This includes settings from the Design Wide Resources (DWR) such
 276:Generated_Source\PSoC4/cyfitter_cfg.c **** *  as Clocks and Pins as well as any component configuration that is necessary.
 277:Generated_Source\PSoC4/cyfitter_cfg.c **** *
 278:Generated_Source\PSoC4/cyfitter_cfg.c **** * Parameters:
 279:Generated_Source\PSoC4/cyfitter_cfg.c **** *   void
 280:Generated_Source\PSoC4/cyfitter_cfg.c **** *
 281:Generated_Source\PSoC4/cyfitter_cfg.c **** * Return:
 282:Generated_Source\PSoC4/cyfitter_cfg.c **** *   void
 283:Generated_Source\PSoC4/cyfitter_cfg.c **** *
 284:Generated_Source\PSoC4/cyfitter_cfg.c **** *******************************************************************************/
 285:Generated_Source\PSoC4/cyfitter_cfg.c **** CY_CFG_SECTION
 286:Generated_Source\PSoC4/cyfitter_cfg.c **** void cyfitter_cfg(void)
 287:Generated_Source\PSoC4/cyfitter_cfg.c **** {
 258              		.loc 1 287 0
 259              		.cfi_startproc
 260              		@ args = 0, pretend = 0, frame = 0
 261              		@ frame_needed = 0, uses_anonymous_args = 0
 262 0098 10B5     		push	{r4, lr}
 263              		.cfi_def_cfa_offset 8
 264              		.cfi_offset 4, -8
 265              		.cfi_offset 14, -4
 288:Generated_Source\PSoC4/cyfitter_cfg.c **** 	/* Disable interrupts by default. Let user enable if/when they want. */
 289:Generated_Source\PSoC4/cyfitter_cfg.c **** 	CyGlobalIntDisable;
 266              		.loc 1 289 0
 267              		.syntax divided
 268              	@ 289 "Generated_Source\PSoC4\cyfitter_cfg.c" 1
 269 009a 72B6     		CPSID   i
 270              	@ 0 "" 2
 271              	.LVL12:
 272              		.thumb
ARM GAS  C:\Users\michi\AppData\Local\Temp\ccKuh7VM.s 			page 11


 273              		.syntax unified
 274              	.LBB2:
 290:Generated_Source\PSoC4/cyfitter_cfg.c **** 
 291:Generated_Source\PSoC4/cyfitter_cfg.c **** 	{
 292:Generated_Source\PSoC4/cyfitter_cfg.c **** 
 293:Generated_Source\PSoC4/cyfitter_cfg.c **** 		CYPACKED typedef struct {
 294:Generated_Source\PSoC4/cyfitter_cfg.c **** 			void CYFAR *address;
 295:Generated_Source\PSoC4/cyfitter_cfg.c **** 			uint16 size;
 296:Generated_Source\PSoC4/cyfitter_cfg.c **** 		} CYPACKED_ATTR cfg_memset_t;
 297:Generated_Source\PSoC4/cyfitter_cfg.c **** 
 298:Generated_Source\PSoC4/cyfitter_cfg.c **** 		static const cfg_memset_t CYCODE cfg_memset_list[] = {
 299:Generated_Source\PSoC4/cyfitter_cfg.c **** 			/* address, size */
 300:Generated_Source\PSoC4/cyfitter_cfg.c **** 			{(void CYFAR *)(CYDEV_UDB_P0_U0_BASE), 1024u},
 301:Generated_Source\PSoC4/cyfitter_cfg.c **** 			{(void CYFAR *)(CYDEV_UDB_DSI0_BASE), 1024u},
 302:Generated_Source\PSoC4/cyfitter_cfg.c **** 		};
 303:Generated_Source\PSoC4/cyfitter_cfg.c **** 
 304:Generated_Source\PSoC4/cyfitter_cfg.c **** 		uint8 CYDATA i;
 305:Generated_Source\PSoC4/cyfitter_cfg.c **** 
 306:Generated_Source\PSoC4/cyfitter_cfg.c **** 		/* Zero out critical memory blocks before beginning configuration */
 307:Generated_Source\PSoC4/cyfitter_cfg.c **** 		for (i = 0u; i < (sizeof(cfg_memset_list)/sizeof(cfg_memset_list[0])); i++)
 275              		.loc 1 307 0
 276 009c 0024     		movs	r4, #0
 277 009e 0FE0     		b	.L14
 278              	.LVL13:
 279              	.L15:
 280              	.LBB3:
 308:Generated_Source\PSoC4/cyfitter_cfg.c **** 		{
 309:Generated_Source\PSoC4/cyfitter_cfg.c **** 			const cfg_memset_t CYCODE * CYDATA ms = &cfg_memset_list[i];
 310:Generated_Source\PSoC4/cyfitter_cfg.c **** 			CYMEMZERO(ms->address, (size_t)(uint32)(ms->size));
 281              		.loc 1 310 0 discriminator 3
 282 00a0 1848     		ldr	r0, .L16
 283 00a2 6200     		lsls	r2, r4, #1
 284 00a4 1319     		adds	r3, r2, r4
 285 00a6 5900     		lsls	r1, r3, #1
 286 00a8 0B00     		movs	r3, r1
 287 00aa 4118     		adds	r1, r0, r1
 288 00ac 8988     		ldrh	r1, [r1, #4]
 289 00ae 1A5A     		ldrh	r2, [r3, r0]
 290 00b0 C318     		adds	r3, r0, r3
 291 00b2 5888     		ldrh	r0, [r3, #2]
 292 00b4 0004     		lsls	r0, r0, #16
 293 00b6 1043     		orrs	r0, r2
 294 00b8 FFF7FEFF 		bl	CYMEMZERO
 295              	.LVL14:
 296              	.LBE3:
 307:Generated_Source\PSoC4/cyfitter_cfg.c **** 		{
 297              		.loc 1 307 0 discriminator 3
 298 00bc 0134     		adds	r4, r4, #1
 299              	.LVL15:
 300 00be E4B2     		uxtb	r4, r4
 301              	.LVL16:
 302              	.L14:
 307:Generated_Source\PSoC4/cyfitter_cfg.c **** 		{
 303              		.loc 1 307 0 is_stmt 0 discriminator 1
 304 00c0 012C     		cmp	r4, #1
 305 00c2 EDD9     		bls	.L15
 311:Generated_Source\PSoC4/cyfitter_cfg.c **** 		}
ARM GAS  C:\Users\michi\AppData\Local\Temp\ccKuh7VM.s 			page 12


 312:Generated_Source\PSoC4/cyfitter_cfg.c **** 
 313:Generated_Source\PSoC4/cyfitter_cfg.c **** 		/* HSIOM Starting address: CYDEV_HSIOM_BASE */
 314:Generated_Source\PSoC4/cyfitter_cfg.c **** 		CY_SET_REG32((void *)(CYREG_HSIOM_PORT_SEL3), 0x0000EEEEu);
 306              		.loc 1 314 0 is_stmt 1
 307 00c4 104A     		ldr	r2, .L16+4
 308 00c6 114B     		ldr	r3, .L16+8
 309 00c8 1A60     		str	r2, [r3]
 315:Generated_Source\PSoC4/cyfitter_cfg.c **** 
 316:Generated_Source\PSoC4/cyfitter_cfg.c **** 		/* UDB_PA_2 Starting address: CYDEV_UDB_PA2_BASE */
 317:Generated_Source\PSoC4/cyfitter_cfg.c **** 		CY_SET_REG32((void *)(CYDEV_UDB_PA2_BASE), 0x00990000u);
 310              		.loc 1 317 0
 311 00ca 9923     		movs	r3, #153
 312 00cc 1B04     		lsls	r3, r3, #16
 313 00ce 104A     		ldr	r2, .L16+12
 314 00d0 1360     		str	r3, [r2]
 318:Generated_Source\PSoC4/cyfitter_cfg.c **** 
 319:Generated_Source\PSoC4/cyfitter_cfg.c **** 		/* UDB_PA_3 Starting address: CYDEV_UDB_PA3_BASE */
 320:Generated_Source\PSoC4/cyfitter_cfg.c **** 		CY_SET_REG32((void *)(CYDEV_UDB_PA3_BASE), 0x00990000u);
 315              		.loc 1 320 0
 316 00d2 104A     		ldr	r2, .L16+16
 317 00d4 1360     		str	r3, [r2]
 321:Generated_Source\PSoC4/cyfitter_cfg.c **** 
 322:Generated_Source\PSoC4/cyfitter_cfg.c **** 		/* Enable digital routing */
 323:Generated_Source\PSoC4/cyfitter_cfg.c **** 		CY_SET_XTND_REG8((void *)CYREG_UDB_UDBIF_BANK_CTL, (uint8)(CY_GET_XTND_REG8((void *)CYREG_UDB_UDB
 318              		.loc 1 323 0
 319 00d6 104A     		ldr	r2, .L16+20
 320 00d8 1178     		ldrb	r1, [r2]
 321 00da 0623     		movs	r3, #6
 322 00dc 0B43     		orrs	r3, r1
 323 00de DBB2     		uxtb	r3, r3
 324 00e0 1370     		strb	r3, [r2]
 325              	.LBE2:
 324:Generated_Source\PSoC4/cyfitter_cfg.c **** 	}
 325:Generated_Source\PSoC4/cyfitter_cfg.c **** 
 326:Generated_Source\PSoC4/cyfitter_cfg.c **** 	/* Perform second pass device configuration. These items must be configured in specific order afte
 327:Generated_Source\PSoC4/cyfitter_cfg.c **** 	/* IOPINS0_2 Starting address: CYDEV_GPIO_PRT2_BASE */
 328:Generated_Source\PSoC4/cyfitter_cfg.c **** 	CY_SET_REG32((void *)(CYDEV_GPIO_PRT2_BASE), 0x000000E0u);
 326              		.loc 1 328 0
 327 00e2 E023     		movs	r3, #224
 328 00e4 0D4A     		ldr	r2, .L16+24
 329 00e6 1360     		str	r3, [r2]
 329:Generated_Source\PSoC4/cyfitter_cfg.c **** 	CY_SET_REG32((void *)(CYREG_GPIO_PRT2_PC2), 0x000000E0u);
 330              		.loc 1 329 0
 331 00e8 0D4A     		ldr	r2, .L16+28
 332 00ea 1360     		str	r3, [r2]
 330:Generated_Source\PSoC4/cyfitter_cfg.c **** 
 331:Generated_Source\PSoC4/cyfitter_cfg.c **** 	/* IOPINS0_3 Starting address: CYDEV_GPIO_PRT3_BASE */
 332:Generated_Source\PSoC4/cyfitter_cfg.c **** 	CY_SET_REG32((void *)(CYDEV_GPIO_PRT3_BASE), 0x00000003u);
 333              		.loc 1 332 0
 334 00ec 0322     		movs	r2, #3
 335 00ee 0D4B     		ldr	r3, .L16+32
 336 00f0 1A60     		str	r2, [r3]
 333:Generated_Source\PSoC4/cyfitter_cfg.c **** 	CY_SET_REG32((void *)(CYREG_GPIO_PRT3_PC), 0x00000DA4u);
 337              		.loc 1 333 0
 338 00f2 0D4A     		ldr	r2, .L16+36
 339 00f4 0D4B     		ldr	r3, .L16+40
 340 00f6 1A60     		str	r2, [r3]
ARM GAS  C:\Users\michi\AppData\Local\Temp\ccKuh7VM.s 			page 13


 334:Generated_Source\PSoC4/cyfitter_cfg.c **** 
 335:Generated_Source\PSoC4/cyfitter_cfg.c **** 
 336:Generated_Source\PSoC4/cyfitter_cfg.c **** 	/* Setup clocks based on selections from Clock DWR */
 337:Generated_Source\PSoC4/cyfitter_cfg.c **** 	ClockSetup();
 341              		.loc 1 337 0
 342 00f8 FFF782FF 		bl	ClockSetup
 343              	.LVL17:
 338:Generated_Source\PSoC4/cyfitter_cfg.c **** 
 339:Generated_Source\PSoC4/cyfitter_cfg.c **** 	/* Perform basic analog initialization to defaults */
 340:Generated_Source\PSoC4/cyfitter_cfg.c **** 	AnalogSetDefault();
 344              		.loc 1 340 0
 345 00fc FFF7FEFF 		bl	AnalogSetDefault
 346              	.LVL18:
 341:Generated_Source\PSoC4/cyfitter_cfg.c **** 
 342:Generated_Source\PSoC4/cyfitter_cfg.c **** }
 347              		.loc 1 342 0
 348              		@ sp needed
 349              	.LVL19:
 350 0100 10BD     		pop	{r4, pc}
 351              	.L17:
 352 0102 C046     		.align	2
 353              	.L16:
 354 0104 00000000 		.word	.LANCHOR0
 355 0108 EEEE0000 		.word	61166
 356 010c 00030240 		.word	1073873664
 357 0110 20500F40 		.word	1074745376
 358 0114 30500F40 		.word	1074745392
 359 0118 00700F40 		.word	1074753536
 360 011c 00020440 		.word	1074004480
 361 0120 18020440 		.word	1074004504
 362 0124 00030440 		.word	1074004736
 363 0128 A40D0000 		.word	3492
 364 012c 08030440 		.word	1074004744
 365              		.cfi_endproc
 366              	.LFE7:
 367              		.size	cyfitter_cfg, .-cyfitter_cfg
 368              		.section	.rodata
 369              		.align	2
 370              		.set	.LANCHOR0,. + 0
 371              		.type	cfg_memset_list.4894, %object
 372              		.size	cfg_memset_list.4894, 12
 373              	cfg_memset_list.4894:
 374 0000 00300F40 		.word	1074737152
 375 0004 0004     		.short	1024
 376 0006 00400F40 		.4byte	1074741248
 377 000a 0004     		.short	1024
 378              		.text
 379              	.Letext0:
 380              		.file 2 "c:\\program files (x86)\\cypress\\psoc creator\\4.2\\psoc creator\\import\\gnu\\arm\\5.4.
 381              		.file 3 "Generated_Source\\PSoC4\\cytypes.h"
 382              		.file 4 "Generated_Source\\PSoC4\\CyLib.h"
 383              		.section	.debug_info,"",%progbits
 384              	.Ldebug_info0:
 385 0000 DB020000 		.4byte	0x2db
 386 0004 0400     		.2byte	0x4
 387 0006 00000000 		.4byte	.Ldebug_abbrev0
 388 000a 04       		.byte	0x4
ARM GAS  C:\Users\michi\AppData\Local\Temp\ccKuh7VM.s 			page 14


 389 000b 01       		.uleb128 0x1
 390 000c 12010000 		.4byte	.LASF34
 391 0010 0C       		.byte	0xc
 392 0011 3C020000 		.4byte	.LASF35
 393 0015 F0010000 		.4byte	.LASF36
 394 0019 00000000 		.4byte	.Ldebug_ranges0+0
 395 001d 00000000 		.4byte	0
 396 0021 00000000 		.4byte	.Ldebug_line0
 397 0025 02       		.uleb128 0x2
 398 0026 04       		.byte	0x4
 399 0027 05       		.byte	0x5
 400 0028 696E7400 		.ascii	"int\000"
 401 002c 03       		.uleb128 0x3
 402 002d 06000000 		.4byte	.LASF12
 403 0031 02       		.byte	0x2
 404 0032 D8       		.byte	0xd8
 405 0033 37000000 		.4byte	0x37
 406 0037 04       		.uleb128 0x4
 407 0038 04       		.byte	0x4
 408 0039 07       		.byte	0x7
 409 003a D9000000 		.4byte	.LASF0
 410 003e 04       		.uleb128 0x4
 411 003f 08       		.byte	0x8
 412 0040 05       		.byte	0x5
 413 0041 B6010000 		.4byte	.LASF1
 414 0045 04       		.uleb128 0x4
 415 0046 08       		.byte	0x8
 416 0047 04       		.byte	0x4
 417 0048 24020000 		.4byte	.LASF2
 418 004c 04       		.uleb128 0x4
 419 004d 01       		.byte	0x1
 420 004e 06       		.byte	0x6
 421 004f 30020000 		.4byte	.LASF3
 422 0053 04       		.uleb128 0x4
 423 0054 01       		.byte	0x1
 424 0055 08       		.byte	0x8
 425 0056 A3000000 		.4byte	.LASF4
 426 005a 04       		.uleb128 0x4
 427 005b 02       		.byte	0x2
 428 005c 05       		.byte	0x5
 429 005d D1010000 		.4byte	.LASF5
 430 0061 04       		.uleb128 0x4
 431 0062 02       		.byte	0x2
 432 0063 07       		.byte	0x7
 433 0064 48000000 		.4byte	.LASF6
 434 0068 04       		.uleb128 0x4
 435 0069 04       		.byte	0x4
 436 006a 05       		.byte	0x5
 437 006b 1B020000 		.4byte	.LASF7
 438 006f 04       		.uleb128 0x4
 439 0070 04       		.byte	0x4
 440 0071 07       		.byte	0x7
 441 0072 6B000000 		.4byte	.LASF8
 442 0076 04       		.uleb128 0x4
 443 0077 08       		.byte	0x8
 444 0078 07       		.byte	0x7
 445 0079 FB000000 		.4byte	.LASF9
ARM GAS  C:\Users\michi\AppData\Local\Temp\ccKuh7VM.s 			page 15


 446 007d 04       		.uleb128 0x4
 447 007e 04       		.byte	0x4
 448 007f 07       		.byte	0x7
 449 0080 AD010000 		.4byte	.LASF10
 450 0084 05       		.uleb128 0x5
 451 0085 04       		.byte	0x4
 452 0086 04       		.uleb128 0x4
 453 0087 01       		.byte	0x1
 454 0088 08       		.byte	0x8
 455 0089 C4010000 		.4byte	.LASF11
 456 008d 06       		.uleb128 0x6
 457 008e 7D000000 		.4byte	.LASF13
 458 0092 03       		.byte	0x3
 459 0093 E401     		.2byte	0x1e4
 460 0095 53000000 		.4byte	0x53
 461 0099 06       		.uleb128 0x6
 462 009a CB000000 		.4byte	.LASF14
 463 009e 03       		.byte	0x3
 464 009f E501     		.2byte	0x1e5
 465 00a1 61000000 		.4byte	0x61
 466 00a5 06       		.uleb128 0x6
 467 00a6 D2000000 		.4byte	.LASF15
 468 00aa 03       		.byte	0x3
 469 00ab E601     		.2byte	0x1e6
 470 00ad 6F000000 		.4byte	0x6f
 471 00b1 04       		.uleb128 0x4
 472 00b2 04       		.byte	0x4
 473 00b3 04       		.byte	0x4
 474 00b4 5B000000 		.4byte	.LASF16
 475 00b8 04       		.uleb128 0x4
 476 00b9 08       		.byte	0x8
 477 00ba 04       		.byte	0x4
 478 00bb B8000000 		.4byte	.LASF17
 479 00bf 06       		.uleb128 0x6
 480 00c0 66000000 		.4byte	.LASF18
 481 00c4 03       		.byte	0x3
 482 00c5 8E02     		.2byte	0x28e
 483 00c7 CB000000 		.4byte	0xcb
 484 00cb 07       		.uleb128 0x7
 485 00cc 8D000000 		.4byte	0x8d
 486 00d0 06       		.uleb128 0x6
 487 00d1 00000000 		.4byte	.LASF19
 488 00d5 03       		.byte	0x3
 489 00d6 9002     		.2byte	0x290
 490 00d8 DC000000 		.4byte	0xdc
 491 00dc 07       		.uleb128 0x7
 492 00dd A5000000 		.4byte	0xa5
 493 00e1 08       		.uleb128 0x8
 494 00e2 83000000 		.4byte	.LASF20
 495 00e6 01       		.byte	0x1
 496 00e7 4C       		.byte	0x4c
 497 00e8 00000000 		.4byte	.LFB1
 498 00ec 0C000000 		.4byte	.LFE1-.LFB1
 499 00f0 01       		.uleb128 0x1
 500 00f1 9C       		.byte	0x9c
 501 00f2 2E010000 		.4byte	0x12e
 502 00f6 09       		.uleb128 0x9
ARM GAS  C:\Users\michi\AppData\Local\Temp\ccKuh7VM.s 			page 16


 503 00f7 7300     		.ascii	"s\000"
 504 00f9 01       		.byte	0x1
 505 00fa 4C       		.byte	0x4c
 506 00fb 84000000 		.4byte	0x84
 507 00ff 00000000 		.4byte	.LLST0
 508 0103 09       		.uleb128 0x9
 509 0104 6E00     		.ascii	"n\000"
 510 0106 01       		.byte	0x1
 511 0107 4C       		.byte	0x4c
 512 0108 2C000000 		.4byte	0x2c
 513 010c 21000000 		.4byte	.LLST1
 514 0110 0A       		.uleb128 0xa
 515 0111 0A000000 		.4byte	.LVL2
 516 0115 B4020000 		.4byte	0x2b4
 517 0119 0B       		.uleb128 0xb
 518 011a 01       		.uleb128 0x1
 519 011b 50       		.byte	0x50
 520 011c 03       		.uleb128 0x3
 521 011d F3       		.byte	0xf3
 522 011e 01       		.uleb128 0x1
 523 011f 50       		.byte	0x50
 524 0120 0B       		.uleb128 0xb
 525 0121 01       		.uleb128 0x1
 526 0122 51       		.byte	0x51
 527 0123 01       		.uleb128 0x1
 528 0124 30       		.byte	0x30
 529 0125 0B       		.uleb128 0xb
 530 0126 01       		.uleb128 0x1
 531 0127 52       		.byte	0x52
 532 0128 03       		.uleb128 0x3
 533 0129 F3       		.byte	0xf3
 534 012a 01       		.uleb128 0x1
 535 012b 51       		.byte	0x51
 536 012c 00       		.byte	0
 537 012d 00       		.byte	0
 538 012e 08       		.uleb128 0x8
 539 012f 3D000000 		.4byte	.LASF21
 540 0133 01       		.byte	0x1
 541 0134 AA       		.byte	0xaa
 542 0135 00000000 		.4byte	.LFB4
 543 0139 98000000 		.4byte	.LFE4-.LFB4
 544 013d 01       		.uleb128 0x1
 545 013e 9C       		.byte	0x9c
 546 013f 7A010000 		.4byte	0x17a
 547 0143 0C       		.uleb128 0xc
 548 0144 0E000000 		.4byte	.LVL3
 549 0148 BD020000 		.4byte	0x2bd
 550 014c 57010000 		.4byte	0x157
 551 0150 0B       		.uleb128 0xb
 552 0151 01       		.uleb128 0x1
 553 0152 50       		.byte	0x50
 554 0153 02       		.uleb128 0x2
 555 0154 08       		.byte	0x8
 556 0155 30       		.byte	0x30
 557 0156 00       		.byte	0
 558 0157 0C       		.uleb128 0xc
 559 0158 52000000 		.4byte	.LVL4
ARM GAS  C:\Users\michi\AppData\Local\Temp\ccKuh7VM.s 			page 17


 560 015c C8020000 		.4byte	0x2c8
 561 0160 6A010000 		.4byte	0x16a
 562 0164 0B       		.uleb128 0xb
 563 0165 01       		.uleb128 0x1
 564 0166 50       		.byte	0x50
 565 0167 01       		.uleb128 0x1
 566 0168 37       		.byte	0x37
 567 0169 00       		.byte	0
 568 016a 0A       		.uleb128 0xa
 569 016b 58000000 		.4byte	.LVL5
 570 016f D3020000 		.4byte	0x2d3
 571 0173 0B       		.uleb128 0xb
 572 0174 01       		.uleb128 0x1
 573 0175 50       		.byte	0x50
 574 0176 01       		.uleb128 0x1
 575 0177 37       		.byte	0x37
 576 0178 00       		.byte	0
 577 0179 00       		.byte	0
 578 017a 0D       		.uleb128 0xd
 579 017b 8D000000 		.4byte	.LASF24
 580 017f 01       		.byte	0x1
 581 0180 FC       		.byte	0xfc
 582 0181 00000000 		.4byte	.LFB6
 583 0185 20000000 		.4byte	.LFE6-.LFB6
 584 0189 01       		.uleb128 0x1
 585 018a 9C       		.byte	0x9c
 586 018b AC010000 		.4byte	0x1ac
 587 018f 0E       		.uleb128 0xe
 588 0190 C9010000 		.4byte	.LASF22
 589 0194 01       		.byte	0x1
 590 0195 FC       		.byte	0xfc
 591 0196 8D000000 		.4byte	0x8d
 592 019a 01       		.uleb128 0x1
 593 019b 50       		.byte	0x50
 594 019c 0F       		.uleb128 0xf
 595 019d 62020000 		.4byte	.LASF29
 596 01a1 01       		.byte	0x1
 597 01a2 FE       		.byte	0xfe
 598 01a3 A5000000 		.4byte	0xa5
 599 01a7 4D000000 		.4byte	.LLST2
 600 01ab 00       		.byte	0
 601 01ac 08       		.uleb128 0x8
 602 01ad 0D000000 		.4byte	.LASF23
 603 01b1 01       		.byte	0x1
 604 01b2 E0       		.byte	0xe0
 605 01b3 00000000 		.4byte	.LFB5
 606 01b7 44000000 		.4byte	.LFE5-.LFB5
 607 01bb 01       		.uleb128 0x1
 608 01bc 9C       		.byte	0x9c
 609 01bd D1010000 		.4byte	0x1d1
 610 01c1 0A       		.uleb128 0xa
 611 01c2 2A000000 		.4byte	.LVL11
 612 01c6 7A010000 		.4byte	0x17a
 613 01ca 0B       		.uleb128 0xb
 614 01cb 01       		.uleb128 0x1
 615 01cc 50       		.byte	0x50
 616 01cd 01       		.uleb128 0x1
ARM GAS  C:\Users\michi\AppData\Local\Temp\ccKuh7VM.s 			page 18


 617 01ce 31       		.byte	0x31
 618 01cf 00       		.byte	0
 619 01d0 00       		.byte	0
 620 01d1 10       		.uleb128 0x10
 621 01d2 E6000000 		.4byte	.LASF25
 622 01d6 01       		.byte	0x1
 623 01d7 1E01     		.2byte	0x11e
 624 01d9 98000000 		.4byte	.LFB7
 625 01dd 98000000 		.4byte	.LFE7-.LFB7
 626 01e1 01       		.uleb128 0x1
 627 01e2 9C       		.byte	0x9c
 628 01e3 B4020000 		.4byte	0x2b4
 629 01e7 11       		.uleb128 0x11
 630 01e8 9C000000 		.4byte	.LBB2
 631 01ec 46000000 		.4byte	.LBE2-.LBB2
 632 01f0 A1020000 		.4byte	0x2a1
 633 01f4 12       		.uleb128 0x12
 634 01f5 06       		.byte	0x6
 635 01f6 01       		.byte	0x1
 636 01f7 2501     		.2byte	0x125
 637 01f9 18020000 		.4byte	0x218
 638 01fd 13       		.uleb128 0x13
 639 01fe F3000000 		.4byte	.LASF26
 640 0202 01       		.byte	0x1
 641 0203 2601     		.2byte	0x126
 642 0205 84000000 		.4byte	0x84
 643 0209 00       		.byte	0
 644 020a 13       		.uleb128 0x13
 645 020b 61000000 		.4byte	.LASF27
 646 020f 01       		.byte	0x1
 647 0210 2701     		.2byte	0x127
 648 0212 99000000 		.4byte	0x99
 649 0216 04       		.byte	0x4
 650 0217 00       		.byte	0
 651 0218 06       		.uleb128 0x6
 652 0219 A0010000 		.4byte	.LASF28
 653 021d 01       		.byte	0x1
 654 021e 2801     		.2byte	0x128
 655 0220 F4010000 		.4byte	0x1f4
 656 0224 14       		.uleb128 0x14
 657 0225 34020000 		.4byte	0x234
 658 0229 34020000 		.4byte	0x234
 659 022d 15       		.uleb128 0x15
 660 022e 7D000000 		.4byte	0x7d
 661 0232 01       		.byte	0x1
 662 0233 00       		.byte	0
 663 0234 16       		.uleb128 0x16
 664 0235 18020000 		.4byte	0x218
 665 0239 17       		.uleb128 0x17
 666 023a 2D000000 		.4byte	.LASF30
 667 023e 01       		.byte	0x1
 668 023f 2A01     		.2byte	0x12a
 669 0241 4B020000 		.4byte	0x24b
 670 0245 05       		.uleb128 0x5
 671 0246 03       		.byte	0x3
 672 0247 00000000 		.4byte	cfg_memset_list.4894
 673 024b 16       		.uleb128 0x16
ARM GAS  C:\Users\michi\AppData\Local\Temp\ccKuh7VM.s 			page 19


 674 024c 24020000 		.4byte	0x224
 675 0250 18       		.uleb128 0x18
 676 0251 6900     		.ascii	"i\000"
 677 0253 01       		.byte	0x1
 678 0254 3001     		.2byte	0x130
 679 0256 8D000000 		.4byte	0x8d
 680 025a 6B000000 		.4byte	.LLST3
 681 025e 19       		.uleb128 0x19
 682 025f A0000000 		.4byte	.LBB3
 683 0263 1C000000 		.4byte	.LBE3-.LBB3
 684 0267 18       		.uleb128 0x18
 685 0268 6D7300   		.ascii	"ms\000"
 686 026b 01       		.byte	0x1
 687 026c 3501     		.2byte	0x135
 688 026e 76020000 		.4byte	0x276
 689 0272 95000000 		.4byte	.LLST4
 690 0276 1A       		.uleb128 0x1a
 691 0277 04       		.byte	0x4
 692 0278 34020000 		.4byte	0x234
 693 027c 0A       		.uleb128 0xa
 694 027d BC000000 		.4byte	.LVL14
 695 0281 E1000000 		.4byte	0xe1
 696 0285 0B       		.uleb128 0xb
 697 0286 01       		.uleb128 0x1
 698 0287 51       		.byte	0x51
 699 0288 15       		.uleb128 0x15
 700 0289 74       		.byte	0x74
 701 028a 00       		.sleb128 0
 702 028b 31       		.byte	0x31
 703 028c 24       		.byte	0x24
 704 028d 74       		.byte	0x74
 705 028e 00       		.sleb128 0
 706 028f 22       		.byte	0x22
 707 0290 31       		.byte	0x31
 708 0291 24       		.byte	0x24
 709 0292 03       		.byte	0x3
 710 0293 04000000 		.4byte	.LANCHOR0+4
 711 0297 22       		.byte	0x22
 712 0298 94       		.byte	0x94
 713 0299 02       		.byte	0x2
 714 029a 0A       		.byte	0xa
 715 029b FFFF     		.2byte	0xffff
 716 029d 1A       		.byte	0x1a
 717 029e 00       		.byte	0
 718 029f 00       		.byte	0
 719 02a0 00       		.byte	0
 720 02a1 1B       		.uleb128 0x1b
 721 02a2 FC000000 		.4byte	.LVL17
 722 02a6 2E010000 		.4byte	0x12e
 723 02aa 1B       		.uleb128 0x1b
 724 02ab 00010000 		.4byte	.LVL18
 725 02af AC010000 		.4byte	0x1ac
 726 02b3 00       		.byte	0
 727 02b4 1C       		.uleb128 0x1c
 728 02b5 B1000000 		.4byte	.LASF37
 729 02b9 B1000000 		.4byte	.LASF37
 730 02bd 1D       		.uleb128 0x1d
ARM GAS  C:\Users\michi\AppData\Local\Temp\ccKuh7VM.s 			page 20


 731 02be DB010000 		.4byte	.LASF31
 732 02c2 DB010000 		.4byte	.LASF31
 733 02c6 04       		.byte	0x4
 734 02c7 6C       		.byte	0x6c
 735 02c8 1D       		.uleb128 0x1d
 736 02c9 1E000000 		.4byte	.LASF32
 737 02cd 1E000000 		.4byte	.LASF32
 738 02d1 04       		.byte	0x4
 739 02d2 BD       		.byte	0xbd
 740 02d3 1D       		.uleb128 0x1d
 741 02d4 BF000000 		.4byte	.LASF33
 742 02d8 BF000000 		.4byte	.LASF33
 743 02dc 04       		.byte	0x4
 744 02dd C3       		.byte	0xc3
 745 02de 00       		.byte	0
 746              		.section	.debug_abbrev,"",%progbits
 747              	.Ldebug_abbrev0:
 748 0000 01       		.uleb128 0x1
 749 0001 11       		.uleb128 0x11
 750 0002 01       		.byte	0x1
 751 0003 25       		.uleb128 0x25
 752 0004 0E       		.uleb128 0xe
 753 0005 13       		.uleb128 0x13
 754 0006 0B       		.uleb128 0xb
 755 0007 03       		.uleb128 0x3
 756 0008 0E       		.uleb128 0xe
 757 0009 1B       		.uleb128 0x1b
 758 000a 0E       		.uleb128 0xe
 759 000b 55       		.uleb128 0x55
 760 000c 17       		.uleb128 0x17
 761 000d 11       		.uleb128 0x11
 762 000e 01       		.uleb128 0x1
 763 000f 10       		.uleb128 0x10
 764 0010 17       		.uleb128 0x17
 765 0011 00       		.byte	0
 766 0012 00       		.byte	0
 767 0013 02       		.uleb128 0x2
 768 0014 24       		.uleb128 0x24
 769 0015 00       		.byte	0
 770 0016 0B       		.uleb128 0xb
 771 0017 0B       		.uleb128 0xb
 772 0018 3E       		.uleb128 0x3e
 773 0019 0B       		.uleb128 0xb
 774 001a 03       		.uleb128 0x3
 775 001b 08       		.uleb128 0x8
 776 001c 00       		.byte	0
 777 001d 00       		.byte	0
 778 001e 03       		.uleb128 0x3
 779 001f 16       		.uleb128 0x16
 780 0020 00       		.byte	0
 781 0021 03       		.uleb128 0x3
 782 0022 0E       		.uleb128 0xe
 783 0023 3A       		.uleb128 0x3a
 784 0024 0B       		.uleb128 0xb
 785 0025 3B       		.uleb128 0x3b
 786 0026 0B       		.uleb128 0xb
 787 0027 49       		.uleb128 0x49
ARM GAS  C:\Users\michi\AppData\Local\Temp\ccKuh7VM.s 			page 21


 788 0028 13       		.uleb128 0x13
 789 0029 00       		.byte	0
 790 002a 00       		.byte	0
 791 002b 04       		.uleb128 0x4
 792 002c 24       		.uleb128 0x24
 793 002d 00       		.byte	0
 794 002e 0B       		.uleb128 0xb
 795 002f 0B       		.uleb128 0xb
 796 0030 3E       		.uleb128 0x3e
 797 0031 0B       		.uleb128 0xb
 798 0032 03       		.uleb128 0x3
 799 0033 0E       		.uleb128 0xe
 800 0034 00       		.byte	0
 801 0035 00       		.byte	0
 802 0036 05       		.uleb128 0x5
 803 0037 0F       		.uleb128 0xf
 804 0038 00       		.byte	0
 805 0039 0B       		.uleb128 0xb
 806 003a 0B       		.uleb128 0xb
 807 003b 00       		.byte	0
 808 003c 00       		.byte	0
 809 003d 06       		.uleb128 0x6
 810 003e 16       		.uleb128 0x16
 811 003f 00       		.byte	0
 812 0040 03       		.uleb128 0x3
 813 0041 0E       		.uleb128 0xe
 814 0042 3A       		.uleb128 0x3a
 815 0043 0B       		.uleb128 0xb
 816 0044 3B       		.uleb128 0x3b
 817 0045 05       		.uleb128 0x5
 818 0046 49       		.uleb128 0x49
 819 0047 13       		.uleb128 0x13
 820 0048 00       		.byte	0
 821 0049 00       		.byte	0
 822 004a 07       		.uleb128 0x7
 823 004b 35       		.uleb128 0x35
 824 004c 00       		.byte	0
 825 004d 49       		.uleb128 0x49
 826 004e 13       		.uleb128 0x13
 827 004f 00       		.byte	0
 828 0050 00       		.byte	0
 829 0051 08       		.uleb128 0x8
 830 0052 2E       		.uleb128 0x2e
 831 0053 01       		.byte	0x1
 832 0054 03       		.uleb128 0x3
 833 0055 0E       		.uleb128 0xe
 834 0056 3A       		.uleb128 0x3a
 835 0057 0B       		.uleb128 0xb
 836 0058 3B       		.uleb128 0x3b
 837 0059 0B       		.uleb128 0xb
 838 005a 27       		.uleb128 0x27
 839 005b 19       		.uleb128 0x19
 840 005c 11       		.uleb128 0x11
 841 005d 01       		.uleb128 0x1
 842 005e 12       		.uleb128 0x12
 843 005f 06       		.uleb128 0x6
 844 0060 40       		.uleb128 0x40
ARM GAS  C:\Users\michi\AppData\Local\Temp\ccKuh7VM.s 			page 22


 845 0061 18       		.uleb128 0x18
 846 0062 9742     		.uleb128 0x2117
 847 0064 19       		.uleb128 0x19
 848 0065 01       		.uleb128 0x1
 849 0066 13       		.uleb128 0x13
 850 0067 00       		.byte	0
 851 0068 00       		.byte	0
 852 0069 09       		.uleb128 0x9
 853 006a 05       		.uleb128 0x5
 854 006b 00       		.byte	0
 855 006c 03       		.uleb128 0x3
 856 006d 08       		.uleb128 0x8
 857 006e 3A       		.uleb128 0x3a
 858 006f 0B       		.uleb128 0xb
 859 0070 3B       		.uleb128 0x3b
 860 0071 0B       		.uleb128 0xb
 861 0072 49       		.uleb128 0x49
 862 0073 13       		.uleb128 0x13
 863 0074 02       		.uleb128 0x2
 864 0075 17       		.uleb128 0x17
 865 0076 00       		.byte	0
 866 0077 00       		.byte	0
 867 0078 0A       		.uleb128 0xa
 868 0079 898201   		.uleb128 0x4109
 869 007c 01       		.byte	0x1
 870 007d 11       		.uleb128 0x11
 871 007e 01       		.uleb128 0x1
 872 007f 31       		.uleb128 0x31
 873 0080 13       		.uleb128 0x13
 874 0081 00       		.byte	0
 875 0082 00       		.byte	0
 876 0083 0B       		.uleb128 0xb
 877 0084 8A8201   		.uleb128 0x410a
 878 0087 00       		.byte	0
 879 0088 02       		.uleb128 0x2
 880 0089 18       		.uleb128 0x18
 881 008a 9142     		.uleb128 0x2111
 882 008c 18       		.uleb128 0x18
 883 008d 00       		.byte	0
 884 008e 00       		.byte	0
 885 008f 0C       		.uleb128 0xc
 886 0090 898201   		.uleb128 0x4109
 887 0093 01       		.byte	0x1
 888 0094 11       		.uleb128 0x11
 889 0095 01       		.uleb128 0x1
 890 0096 31       		.uleb128 0x31
 891 0097 13       		.uleb128 0x13
 892 0098 01       		.uleb128 0x1
 893 0099 13       		.uleb128 0x13
 894 009a 00       		.byte	0
 895 009b 00       		.byte	0
 896 009c 0D       		.uleb128 0xd
 897 009d 2E       		.uleb128 0x2e
 898 009e 01       		.byte	0x1
 899 009f 3F       		.uleb128 0x3f
 900 00a0 19       		.uleb128 0x19
 901 00a1 03       		.uleb128 0x3
ARM GAS  C:\Users\michi\AppData\Local\Temp\ccKuh7VM.s 			page 23


 902 00a2 0E       		.uleb128 0xe
 903 00a3 3A       		.uleb128 0x3a
 904 00a4 0B       		.uleb128 0xb
 905 00a5 3B       		.uleb128 0x3b
 906 00a6 0B       		.uleb128 0xb
 907 00a7 27       		.uleb128 0x27
 908 00a8 19       		.uleb128 0x19
 909 00a9 11       		.uleb128 0x11
 910 00aa 01       		.uleb128 0x1
 911 00ab 12       		.uleb128 0x12
 912 00ac 06       		.uleb128 0x6
 913 00ad 40       		.uleb128 0x40
 914 00ae 18       		.uleb128 0x18
 915 00af 9742     		.uleb128 0x2117
 916 00b1 19       		.uleb128 0x19
 917 00b2 01       		.uleb128 0x1
 918 00b3 13       		.uleb128 0x13
 919 00b4 00       		.byte	0
 920 00b5 00       		.byte	0
 921 00b6 0E       		.uleb128 0xe
 922 00b7 05       		.uleb128 0x5
 923 00b8 00       		.byte	0
 924 00b9 03       		.uleb128 0x3
 925 00ba 0E       		.uleb128 0xe
 926 00bb 3A       		.uleb128 0x3a
 927 00bc 0B       		.uleb128 0xb
 928 00bd 3B       		.uleb128 0x3b
 929 00be 0B       		.uleb128 0xb
 930 00bf 49       		.uleb128 0x49
 931 00c0 13       		.uleb128 0x13
 932 00c1 02       		.uleb128 0x2
 933 00c2 18       		.uleb128 0x18
 934 00c3 00       		.byte	0
 935 00c4 00       		.byte	0
 936 00c5 0F       		.uleb128 0xf
 937 00c6 34       		.uleb128 0x34
 938 00c7 00       		.byte	0
 939 00c8 03       		.uleb128 0x3
 940 00c9 0E       		.uleb128 0xe
 941 00ca 3A       		.uleb128 0x3a
 942 00cb 0B       		.uleb128 0xb
 943 00cc 3B       		.uleb128 0x3b
 944 00cd 0B       		.uleb128 0xb
 945 00ce 49       		.uleb128 0x49
 946 00cf 13       		.uleb128 0x13
 947 00d0 02       		.uleb128 0x2
 948 00d1 17       		.uleb128 0x17
 949 00d2 00       		.byte	0
 950 00d3 00       		.byte	0
 951 00d4 10       		.uleb128 0x10
 952 00d5 2E       		.uleb128 0x2e
 953 00d6 01       		.byte	0x1
 954 00d7 3F       		.uleb128 0x3f
 955 00d8 19       		.uleb128 0x19
 956 00d9 03       		.uleb128 0x3
 957 00da 0E       		.uleb128 0xe
 958 00db 3A       		.uleb128 0x3a
ARM GAS  C:\Users\michi\AppData\Local\Temp\ccKuh7VM.s 			page 24


 959 00dc 0B       		.uleb128 0xb
 960 00dd 3B       		.uleb128 0x3b
 961 00de 05       		.uleb128 0x5
 962 00df 27       		.uleb128 0x27
 963 00e0 19       		.uleb128 0x19
 964 00e1 11       		.uleb128 0x11
 965 00e2 01       		.uleb128 0x1
 966 00e3 12       		.uleb128 0x12
 967 00e4 06       		.uleb128 0x6
 968 00e5 40       		.uleb128 0x40
 969 00e6 18       		.uleb128 0x18
 970 00e7 9742     		.uleb128 0x2117
 971 00e9 19       		.uleb128 0x19
 972 00ea 01       		.uleb128 0x1
 973 00eb 13       		.uleb128 0x13
 974 00ec 00       		.byte	0
 975 00ed 00       		.byte	0
 976 00ee 11       		.uleb128 0x11
 977 00ef 0B       		.uleb128 0xb
 978 00f0 01       		.byte	0x1
 979 00f1 11       		.uleb128 0x11
 980 00f2 01       		.uleb128 0x1
 981 00f3 12       		.uleb128 0x12
 982 00f4 06       		.uleb128 0x6
 983 00f5 01       		.uleb128 0x1
 984 00f6 13       		.uleb128 0x13
 985 00f7 00       		.byte	0
 986 00f8 00       		.byte	0
 987 00f9 12       		.uleb128 0x12
 988 00fa 13       		.uleb128 0x13
 989 00fb 01       		.byte	0x1
 990 00fc 0B       		.uleb128 0xb
 991 00fd 0B       		.uleb128 0xb
 992 00fe 3A       		.uleb128 0x3a
 993 00ff 0B       		.uleb128 0xb
 994 0100 3B       		.uleb128 0x3b
 995 0101 05       		.uleb128 0x5
 996 0102 01       		.uleb128 0x1
 997 0103 13       		.uleb128 0x13
 998 0104 00       		.byte	0
 999 0105 00       		.byte	0
 1000 0106 13       		.uleb128 0x13
 1001 0107 0D       		.uleb128 0xd
 1002 0108 00       		.byte	0
 1003 0109 03       		.uleb128 0x3
 1004 010a 0E       		.uleb128 0xe
 1005 010b 3A       		.uleb128 0x3a
 1006 010c 0B       		.uleb128 0xb
 1007 010d 3B       		.uleb128 0x3b
 1008 010e 05       		.uleb128 0x5
 1009 010f 49       		.uleb128 0x49
 1010 0110 13       		.uleb128 0x13
 1011 0111 38       		.uleb128 0x38
 1012 0112 0B       		.uleb128 0xb
 1013 0113 00       		.byte	0
 1014 0114 00       		.byte	0
 1015 0115 14       		.uleb128 0x14
ARM GAS  C:\Users\michi\AppData\Local\Temp\ccKuh7VM.s 			page 25


 1016 0116 01       		.uleb128 0x1
 1017 0117 01       		.byte	0x1
 1018 0118 49       		.uleb128 0x49
 1019 0119 13       		.uleb128 0x13
 1020 011a 01       		.uleb128 0x1
 1021 011b 13       		.uleb128 0x13
 1022 011c 00       		.byte	0
 1023 011d 00       		.byte	0
 1024 011e 15       		.uleb128 0x15
 1025 011f 21       		.uleb128 0x21
 1026 0120 00       		.byte	0
 1027 0121 49       		.uleb128 0x49
 1028 0122 13       		.uleb128 0x13
 1029 0123 2F       		.uleb128 0x2f
 1030 0124 0B       		.uleb128 0xb
 1031 0125 00       		.byte	0
 1032 0126 00       		.byte	0
 1033 0127 16       		.uleb128 0x16
 1034 0128 26       		.uleb128 0x26
 1035 0129 00       		.byte	0
 1036 012a 49       		.uleb128 0x49
 1037 012b 13       		.uleb128 0x13
 1038 012c 00       		.byte	0
 1039 012d 00       		.byte	0
 1040 012e 17       		.uleb128 0x17
 1041 012f 34       		.uleb128 0x34
 1042 0130 00       		.byte	0
 1043 0131 03       		.uleb128 0x3
 1044 0132 0E       		.uleb128 0xe
 1045 0133 3A       		.uleb128 0x3a
 1046 0134 0B       		.uleb128 0xb
 1047 0135 3B       		.uleb128 0x3b
 1048 0136 05       		.uleb128 0x5
 1049 0137 49       		.uleb128 0x49
 1050 0138 13       		.uleb128 0x13
 1051 0139 02       		.uleb128 0x2
 1052 013a 18       		.uleb128 0x18
 1053 013b 00       		.byte	0
 1054 013c 00       		.byte	0
 1055 013d 18       		.uleb128 0x18
 1056 013e 34       		.uleb128 0x34
 1057 013f 00       		.byte	0
 1058 0140 03       		.uleb128 0x3
 1059 0141 08       		.uleb128 0x8
 1060 0142 3A       		.uleb128 0x3a
 1061 0143 0B       		.uleb128 0xb
 1062 0144 3B       		.uleb128 0x3b
 1063 0145 05       		.uleb128 0x5
 1064 0146 49       		.uleb128 0x49
 1065 0147 13       		.uleb128 0x13
 1066 0148 02       		.uleb128 0x2
 1067 0149 17       		.uleb128 0x17
 1068 014a 00       		.byte	0
 1069 014b 00       		.byte	0
 1070 014c 19       		.uleb128 0x19
 1071 014d 0B       		.uleb128 0xb
 1072 014e 01       		.byte	0x1
ARM GAS  C:\Users\michi\AppData\Local\Temp\ccKuh7VM.s 			page 26


 1073 014f 11       		.uleb128 0x11
 1074 0150 01       		.uleb128 0x1
 1075 0151 12       		.uleb128 0x12
 1076 0152 06       		.uleb128 0x6
 1077 0153 00       		.byte	0
 1078 0154 00       		.byte	0
 1079 0155 1A       		.uleb128 0x1a
 1080 0156 0F       		.uleb128 0xf
 1081 0157 00       		.byte	0
 1082 0158 0B       		.uleb128 0xb
 1083 0159 0B       		.uleb128 0xb
 1084 015a 49       		.uleb128 0x49
 1085 015b 13       		.uleb128 0x13
 1086 015c 00       		.byte	0
 1087 015d 00       		.byte	0
 1088 015e 1B       		.uleb128 0x1b
 1089 015f 898201   		.uleb128 0x4109
 1090 0162 00       		.byte	0
 1091 0163 11       		.uleb128 0x11
 1092 0164 01       		.uleb128 0x1
 1093 0165 31       		.uleb128 0x31
 1094 0166 13       		.uleb128 0x13
 1095 0167 00       		.byte	0
 1096 0168 00       		.byte	0
 1097 0169 1C       		.uleb128 0x1c
 1098 016a 2E       		.uleb128 0x2e
 1099 016b 00       		.byte	0
 1100 016c 3F       		.uleb128 0x3f
 1101 016d 19       		.uleb128 0x19
 1102 016e 3C       		.uleb128 0x3c
 1103 016f 19       		.uleb128 0x19
 1104 0170 6E       		.uleb128 0x6e
 1105 0171 0E       		.uleb128 0xe
 1106 0172 03       		.uleb128 0x3
 1107 0173 0E       		.uleb128 0xe
 1108 0174 00       		.byte	0
 1109 0175 00       		.byte	0
 1110 0176 1D       		.uleb128 0x1d
 1111 0177 2E       		.uleb128 0x2e
 1112 0178 00       		.byte	0
 1113 0179 3F       		.uleb128 0x3f
 1114 017a 19       		.uleb128 0x19
 1115 017b 3C       		.uleb128 0x3c
 1116 017c 19       		.uleb128 0x19
 1117 017d 6E       		.uleb128 0x6e
 1118 017e 0E       		.uleb128 0xe
 1119 017f 03       		.uleb128 0x3
 1120 0180 0E       		.uleb128 0xe
 1121 0181 3A       		.uleb128 0x3a
 1122 0182 0B       		.uleb128 0xb
 1123 0183 3B       		.uleb128 0x3b
 1124 0184 0B       		.uleb128 0xb
 1125 0185 00       		.byte	0
 1126 0186 00       		.byte	0
 1127 0187 00       		.byte	0
 1128              		.section	.debug_loc,"",%progbits
 1129              	.Ldebug_loc0:
ARM GAS  C:\Users\michi\AppData\Local\Temp\ccKuh7VM.s 			page 27


 1130              	.LLST0:
 1131 0000 00000000 		.4byte	.LVL0
 1132 0004 09000000 		.4byte	.LVL2-1
 1133 0008 0100     		.2byte	0x1
 1134 000a 50       		.byte	0x50
 1135 000b 09000000 		.4byte	.LVL2-1
 1136 000f 0C000000 		.4byte	.LFE1
 1137 0013 0400     		.2byte	0x4
 1138 0015 F3       		.byte	0xf3
 1139 0016 01       		.uleb128 0x1
 1140 0017 50       		.byte	0x50
 1141 0018 9F       		.byte	0x9f
 1142 0019 00000000 		.4byte	0
 1143 001d 00000000 		.4byte	0
 1144              	.LLST1:
 1145 0021 00000000 		.4byte	.LVL0
 1146 0025 06000000 		.4byte	.LVL1
 1147 0029 0100     		.2byte	0x1
 1148 002b 51       		.byte	0x51
 1149 002c 06000000 		.4byte	.LVL1
 1150 0030 09000000 		.4byte	.LVL2-1
 1151 0034 0100     		.2byte	0x1
 1152 0036 52       		.byte	0x52
 1153 0037 09000000 		.4byte	.LVL2-1
 1154 003b 0C000000 		.4byte	.LFE1
 1155 003f 0400     		.2byte	0x4
 1156 0041 F3       		.byte	0xf3
 1157 0042 01       		.uleb128 0x1
 1158 0043 51       		.byte	0x51
 1159 0044 9F       		.byte	0x9f
 1160 0045 00000000 		.4byte	0
 1161 0049 00000000 		.4byte	0
 1162              	.LLST2:
 1163 004d 04000000 		.4byte	.LVL7
 1164 0051 12000000 		.4byte	.LVL9
 1165 0055 0100     		.2byte	0x1
 1166 0057 53       		.byte	0x53
 1167 0058 14000000 		.4byte	.LVL10
 1168 005c 20000000 		.4byte	.LFE6
 1169 0060 0100     		.2byte	0x1
 1170 0062 53       		.byte	0x53
 1171 0063 00000000 		.4byte	0
 1172 0067 00000000 		.4byte	0
 1173              	.LLST3:
 1174 006b 9C000000 		.4byte	.LVL12
 1175 006f A0000000 		.4byte	.LVL13
 1176 0073 0200     		.2byte	0x2
 1177 0075 30       		.byte	0x30
 1178 0076 9F       		.byte	0x9f
 1179 0077 A0000000 		.4byte	.LVL13
 1180 007b BE000000 		.4byte	.LVL15
 1181 007f 0100     		.2byte	0x1
 1182 0081 54       		.byte	0x54
 1183 0082 C0000000 		.4byte	.LVL16
 1184 0086 00010000 		.4byte	.LVL19
 1185 008a 0100     		.2byte	0x1
 1186 008c 54       		.byte	0x54
ARM GAS  C:\Users\michi\AppData\Local\Temp\ccKuh7VM.s 			page 28


 1187 008d 00000000 		.4byte	0
 1188 0091 00000000 		.4byte	0
 1189              	.LLST4:
 1190 0095 A0000000 		.4byte	.LVL13
 1191 0099 BE000000 		.4byte	.LVL15
 1192 009d 0B00     		.2byte	0xb
 1193 009f 74       		.byte	0x74
 1194 00a0 00       		.sleb128 0
 1195 00a1 36       		.byte	0x36
 1196 00a2 1E       		.byte	0x1e
 1197 00a3 03       		.byte	0x3
 1198 00a4 00000000 		.4byte	cfg_memset_list.4894
 1199 00a8 22       		.byte	0x22
 1200 00a9 9F       		.byte	0x9f
 1201 00aa BE000000 		.4byte	.LVL15
 1202 00ae C0000000 		.4byte	.LVL16
 1203 00b2 0B00     		.2byte	0xb
 1204 00b4 74       		.byte	0x74
 1205 00b5 7F       		.sleb128 -1
 1206 00b6 36       		.byte	0x36
 1207 00b7 1E       		.byte	0x1e
 1208 00b8 03       		.byte	0x3
 1209 00b9 00000000 		.4byte	cfg_memset_list.4894
 1210 00bd 22       		.byte	0x22
 1211 00be 9F       		.byte	0x9f
 1212 00bf 00000000 		.4byte	0
 1213 00c3 00000000 		.4byte	0
 1214              		.section	.debug_aranges,"",%progbits
 1215 0000 3C000000 		.4byte	0x3c
 1216 0004 0200     		.2byte	0x2
 1217 0006 00000000 		.4byte	.Ldebug_info0
 1218 000a 04       		.byte	0x4
 1219 000b 00       		.byte	0
 1220 000c 0000     		.2byte	0
 1221 000e 0000     		.2byte	0
 1222 0010 00000000 		.4byte	.LFB1
 1223 0014 0C000000 		.4byte	.LFE1-.LFB1
 1224 0018 00000000 		.4byte	.LFB4
 1225 001c 98000000 		.4byte	.LFE4-.LFB4
 1226 0020 00000000 		.4byte	.LFB6
 1227 0024 20000000 		.4byte	.LFE6-.LFB6
 1228 0028 00000000 		.4byte	.LFB5
 1229 002c 44000000 		.4byte	.LFE5-.LFB5
 1230 0030 98000000 		.4byte	.LFB7
 1231 0034 98000000 		.4byte	.LFE7-.LFB7
 1232 0038 00000000 		.4byte	0
 1233 003c 00000000 		.4byte	0
 1234              		.section	.debug_ranges,"",%progbits
 1235              	.Ldebug_ranges0:
 1236 0000 00000000 		.4byte	.LFB1
 1237 0004 0C000000 		.4byte	.LFE1
 1238 0008 00000000 		.4byte	.LFB4
 1239 000c 98000000 		.4byte	.LFE4
 1240 0010 00000000 		.4byte	.LFB6
 1241 0014 20000000 		.4byte	.LFE6
 1242 0018 00000000 		.4byte	.LFB5
 1243 001c 44000000 		.4byte	.LFE5
ARM GAS  C:\Users\michi\AppData\Local\Temp\ccKuh7VM.s 			page 29


 1244 0020 98000000 		.4byte	.LFB7
 1245 0024 30010000 		.4byte	.LFE7
 1246 0028 00000000 		.4byte	0
 1247 002c 00000000 		.4byte	0
 1248              		.section	.debug_line,"",%progbits
 1249              	.Ldebug_line0:
 1250 0000 60010000 		.section	.debug_str,"MS",%progbits,1
 1250      0200D600 
 1250      00000201 
 1250      FB0E0D00 
 1250      01010101 
 1251              	.LASF19:
 1252 0000 72656733 		.ascii	"reg32\000"
 1252      3200
 1253              	.LASF12:
 1254 0006 73697A65 		.ascii	"size_t\000"
 1254      5F7400
 1255              	.LASF23:
 1256 000d 416E616C 		.ascii	"AnalogSetDefault\000"
 1256      6F675365 
 1256      74446566 
 1256      61756C74 
 1256      00
 1257              	.LASF32:
 1258 001e 4379496E 		.ascii	"CyIntSetVector\000"
 1258      74536574 
 1258      56656374 
 1258      6F7200
 1259              	.LASF30:
 1260 002d 6366675F 		.ascii	"cfg_memset_list\000"
 1260      6D656D73 
 1260      65745F6C 
 1260      69737400 
 1261              	.LASF21:
 1262 003d 436C6F63 		.ascii	"ClockSetup\000"
 1262      6B536574 
 1262      757000
 1263              	.LASF6:
 1264 0048 73686F72 		.ascii	"short unsigned int\000"
 1264      7420756E 
 1264      7369676E 
 1264      65642069 
 1264      6E7400
 1265              	.LASF16:
 1266 005b 666C6F61 		.ascii	"float\000"
 1266      7400
 1267              	.LASF27:
 1268 0061 73697A65 		.ascii	"size\000"
 1268      00
 1269              	.LASF18:
 1270 0066 72656738 		.ascii	"reg8\000"
 1270      00
 1271              	.LASF8:
 1272 006b 6C6F6E67 		.ascii	"long unsigned int\000"
 1272      20756E73 
 1272      69676E65 
 1272      6420696E 
ARM GAS  C:\Users\michi\AppData\Local\Temp\ccKuh7VM.s 			page 30


 1272      7400
 1273              	.LASF13:
 1274 007d 75696E74 		.ascii	"uint8\000"
 1274      3800
 1275              	.LASF20:
 1276 0083 43594D45 		.ascii	"CYMEMZERO\000"
 1276      4D5A4552 
 1276      4F00
 1277              	.LASF24:
 1278 008d 53657441 		.ascii	"SetAnalogRoutingPumps\000"
 1278      6E616C6F 
 1278      67526F75 
 1278      74696E67 
 1278      50756D70 
 1279              	.LASF4:
 1280 00a3 756E7369 		.ascii	"unsigned char\000"
 1280      676E6564 
 1280      20636861 
 1280      7200
 1281              	.LASF37:
 1282 00b1 6D656D73 		.ascii	"memset\000"
 1282      657400
 1283              	.LASF17:
 1284 00b8 646F7562 		.ascii	"double\000"
 1284      6C6500
 1285              	.LASF33:
 1286 00bf 4379496E 		.ascii	"CyIntEnable\000"
 1286      74456E61 
 1286      626C6500 
 1287              	.LASF14:
 1288 00cb 75696E74 		.ascii	"uint16\000"
 1288      313600
 1289              	.LASF15:
 1290 00d2 75696E74 		.ascii	"uint32\000"
 1290      333200
 1291              	.LASF0:
 1292 00d9 756E7369 		.ascii	"unsigned int\000"
 1292      676E6564 
 1292      20696E74 
 1292      00
 1293              	.LASF25:
 1294 00e6 63796669 		.ascii	"cyfitter_cfg\000"
 1294      74746572 
 1294      5F636667 
 1294      00
 1295              	.LASF26:
 1296 00f3 61646472 		.ascii	"address\000"
 1296      65737300 
 1297              	.LASF9:
 1298 00fb 6C6F6E67 		.ascii	"long long unsigned int\000"
 1298      206C6F6E 
 1298      6720756E 
 1298      7369676E 
 1298      65642069 
 1299              	.LASF34:
 1300 0112 474E5520 		.ascii	"GNU C11 5.4.1 20160609 (release) [ARM/embedded-5-br"
 1300      43313120 
ARM GAS  C:\Users\michi\AppData\Local\Temp\ccKuh7VM.s 			page 31


 1300      352E342E 
 1300      31203230 
 1300      31363036 
 1301 0145 616E6368 		.ascii	"anch revision 237715] -mcpu=cortex-m0 -mthumb -g -O"
 1301      20726576 
 1301      6973696F 
 1301      6E203233 
 1301      37373135 
 1302 0178 67202D66 		.ascii	"g -ffunction-sections -ffat-lto-objects\000"
 1302      66756E63 
 1302      74696F6E 
 1302      2D736563 
 1302      74696F6E 
 1303              	.LASF28:
 1304 01a0 6366675F 		.ascii	"cfg_memset_t\000"
 1304      6D656D73 
 1304      65745F74 
 1304      00
 1305              	.LASF10:
 1306 01ad 73697A65 		.ascii	"sizetype\000"
 1306      74797065 
 1306      00
 1307              	.LASF1:
 1308 01b6 6C6F6E67 		.ascii	"long long int\000"
 1308      206C6F6E 
 1308      6720696E 
 1308      7400
 1309              	.LASF11:
 1310 01c4 63686172 		.ascii	"char\000"
 1310      00
 1311              	.LASF22:
 1312 01c9 656E6162 		.ascii	"enabled\000"
 1312      6C656400 
 1313              	.LASF5:
 1314 01d1 73686F72 		.ascii	"short int\000"
 1314      7420696E 
 1314      7400
 1315              	.LASF31:
 1316 01db 43795379 		.ascii	"CySysClkWriteImoFreq\000"
 1316      73436C6B 
 1316      57726974 
 1316      65496D6F 
 1316      46726571 
 1317              	.LASF36:
 1318 01f0 433A5C55 		.ascii	"C:\\Users\\michi\\Desktop\\I2C\\I2C slave.cydsn\000"
 1318      73657273 
 1318      5C6D6963 
 1318      68695C44 
 1318      65736B74 
 1319              	.LASF7:
 1320 021b 6C6F6E67 		.ascii	"long int\000"
 1320      20696E74 
 1320      00
 1321              	.LASF2:
 1322 0224 6C6F6E67 		.ascii	"long double\000"
 1322      20646F75 
 1322      626C6500 
ARM GAS  C:\Users\michi\AppData\Local\Temp\ccKuh7VM.s 			page 32


 1323              	.LASF3:
 1324 0230 7369676E 		.ascii	"signed char\000"
 1324      65642063 
 1324      68617200 
 1325              	.LASF35:
 1326 023c 47656E65 		.ascii	"Generated_Source\\PSoC4\\cyfitter_cfg.c\000"
 1326      72617465 
 1326      645F536F 
 1326      75726365 
 1326      5C50536F 
 1327              	.LASF29:
 1328 0262 72656756 		.ascii	"regValue\000"
 1328      616C7565 
 1328      00
 1329              		.ident	"GCC: (GNU Tools for ARM Embedded Processors) 5.4.1 20160609 (release) [ARM/embedded-5-bran
